Archive member included because of file (symbol)

C:\Users\Harry\AppData\Local\arduino15\packages\arduino\hardware\sam\1.6.6\variants\arduino_due_x/libsam_sam3x8e_gcc_rel.a(pio.o)
                              C:\Users\Harry\AppData\Local\Temp\VMicroBuilds\RGB_CUBE_Dev\arduino_due_x_dbg\SPI\SPI.cpp.o (PIO_Configure)
C:\Users\Harry\AppData\Local\arduino15\packages\arduino\hardware\sam\1.6.6\variants\arduino_due_x/libsam_sam3x8e_gcc_rel.a(pmc.o)
                              C:\Users\Harry\AppData\Local\Temp\VMicroBuilds\RGB_CUBE_Dev\arduino_due_x_dbg\DueTimer\DueTimer.cpp.o (pmc_enable_periph_clk)
C:\Users\Harry\AppData\Local\arduino15\packages\arduino\hardware\sam\1.6.6\variants\arduino_due_x/libsam_sam3x8e_gcc_rel.a(spi.o)
                              C:\Users\Harry\AppData\Local\Temp\VMicroBuilds\RGB_CUBE_Dev\arduino_due_x_dbg\SPI\SPI.cpp.o (SPI_Enable)
C:\Users\Harry\AppData\Local\arduino15\packages\arduino\hardware\sam\1.6.6\variants\arduino_due_x/libsam_sam3x8e_gcc_rel.a(tc.o)
                              C:\Users\Harry\AppData\Local\Temp\VMicroBuilds\RGB_CUBE_Dev\arduino_due_x_dbg\DueTimer\DueTimer.cpp.o (TC_Configure)
C:\Users\Harry\AppData\Local\arduino15\packages\arduino\hardware\sam\1.6.6\variants\arduino_due_x/libsam_sam3x8e_gcc_rel.a(startup_sam3xa.o)
                              (Reset_Handler)
C:\Users\Harry\AppData\Local\arduino15\packages\arduino\hardware\sam\1.6.6\variants\arduino_due_x/libsam_sam3x8e_gcc_rel.a(uotghs.o)
                              C:\Users\Harry\AppData\Local\arduino15\packages\arduino\hardware\sam\1.6.6\variants\arduino_due_x/libsam_sam3x8e_gcc_rel.a(startup_sam3xa.o) (UOTGHS_Handler)
C:\Users\Harry\AppData\Local\Temp\VMicroBuilds\RGB_CUBE_Dev\arduino_due_x_dbg/core.a(cortex_handlers.c.o)
                              C:\Users\Harry\AppData\Local\arduino15\packages\arduino\hardware\sam\1.6.6\variants\arduino_due_x/libsam_sam3x8e_gcc_rel.a(startup_sam3xa.o) (NMI_Handler)
C:\Users\Harry\AppData\Local\Temp\VMicroBuilds\RGB_CUBE_Dev\arduino_due_x_dbg/core.a(hooks.c.o)
                              C:\Users\Harry\AppData\Local\Temp\VMicroBuilds\RGB_CUBE_Dev\arduino_due_x_dbg/core.a(cortex_handlers.c.o) (sysTickHook)
C:\Users\Harry\AppData\Local\Temp\VMicroBuilds\RGB_CUBE_Dev\arduino_due_x_dbg/core.a(wiring.c.o)
                              C:\Users\Harry\AppData\Local\Temp\VMicroBuilds\RGB_CUBE_Dev\arduino_due_x_dbg\DarrahAnimations.cpp.o (millis)
C:\Users\Harry\AppData\Local\Temp\VMicroBuilds\RGB_CUBE_Dev\arduino_due_x_dbg/core.a(wiring_digital.c.o)
                              C:\Users\Harry\AppData\Local\Temp\VMicroBuilds\RGB_CUBE_Dev\arduino_due_x_dbg\RGB_CUBE_Dev.cpp.o (pinMode)
C:\Users\Harry\AppData\Local\Temp\VMicroBuilds\RGB_CUBE_Dev\arduino_due_x_dbg/core.a(main.cpp.o)
                              c:/users/harry/appdata/local/arduino15/packages/arduino/tools/arm-none-eabi-gcc/4.8.3-2014q1/bin/../lib/gcc/arm-none-eabi/4.8.3/../../../../arm-none-eabi/lib/armv7-m/crt0.o (main)
C:\Users\Harry\AppData\Local\Temp\VMicroBuilds\RGB_CUBE_Dev\arduino_due_x_dbg/core.a(Reset.cpp.o)
                              C:\Users\Harry\AppData\Local\Temp\VMicroBuilds\RGB_CUBE_Dev\arduino_due_x_dbg/core.a(cortex_handlers.c.o) (tickReset)
C:\Users\Harry\AppData\Local\Temp\VMicroBuilds\RGB_CUBE_Dev\arduino_due_x_dbg/core.a(watchdog.cpp.o)
                              C:\Users\Harry\AppData\Local\Temp\VMicroBuilds\RGB_CUBE_Dev\arduino_due_x_dbg/core.a(main.cpp.o) (watchdogSetup())
C:\Users\Harry\AppData\Local\Temp\VMicroBuilds\RGB_CUBE_Dev\arduino_due_x_dbg/core.a(WMath.cpp.o)
                              C:\Users\Harry\AppData\Local\Temp\VMicroBuilds\RGB_CUBE_Dev\arduino_due_x_dbg\DarrahAnimations.cpp.o (random(long))
C:\Users\Harry\AppData\Local\Temp\VMicroBuilds\RGB_CUBE_Dev\arduino_due_x_dbg/core.a(USBCore.cpp.o)
                              C:\Users\Harry\AppData\Local\Temp\VMicroBuilds\RGB_CUBE_Dev\arduino_due_x_dbg/core.a(main.cpp.o) (USBDevice_::attach())
C:\Users\Harry\AppData\Local\Temp\VMicroBuilds\RGB_CUBE_Dev\arduino_due_x_dbg/core.a(variant.cpp.o)
                              C:\Users\Harry\AppData\Local\Temp\VMicroBuilds\RGB_CUBE_Dev\arduino_due_x_dbg/core.a(main.cpp.o) (init)
C:\Users\Harry\AppData\Local\Temp\VMicroBuilds\RGB_CUBE_Dev\arduino_due_x_dbg/core.a(wiring_analog.c.o)
                              C:\Users\Harry\AppData\Local\Temp\VMicroBuilds\RGB_CUBE_Dev\arduino_due_x_dbg/core.a(variant.cpp.o) (analogOutputInit)
C:\Users\Harry\AppData\Local\Temp\VMicroBuilds\RGB_CUBE_Dev\arduino_due_x_dbg/core.a(RingBuffer.cpp.o)
                              C:\Users\Harry\AppData\Local\Temp\VMicroBuilds\RGB_CUBE_Dev\arduino_due_x_dbg/core.a(variant.cpp.o) (RingBuffer::RingBuffer())
C:\Users\Harry\AppData\Local\Temp\VMicroBuilds\RGB_CUBE_Dev\arduino_due_x_dbg/core.a(UARTClass.cpp.o)
                              C:\Users\Harry\AppData\Local\Temp\VMicroBuilds\RGB_CUBE_Dev\arduino_due_x_dbg/core.a(variant.cpp.o) (UARTClass::available())
[...]
Memory Configuration

Name             Origin             Length             Attributes
rom              0x00080000         0x00080000         xr
sram0            0x20000000         0x00010000         xrw
sram1            0x20080000         0x00008000         xrw
ram              0x20070000         0x00018000         xrw
*default*        0x00000000         0xffffffff

Linker script and memory map

LOAD c:/users/harry/appdata/local/arduino15/packages/arduino/tools/arm-none-eabi-gcc/4.8.3-2014q1/bin/../lib/gcc/arm-none-eabi/4.8.3/armv7-m/crti.o
LOAD c:/users/harry/appdata/local/arduino15/packages/arduino/tools/arm-none-eabi-gcc/4.8.3-2014q1/bin/../lib/gcc/arm-none-eabi/4.8.3/armv7-m/crtbegin.o
LOAD c:/users/harry/appdata/local/arduino15/packages/arduino/tools/arm-none-eabi-gcc/4.8.3-2014q1/bin/../lib/gcc/arm-none-eabi/4.8.3/../../../../arm-none-eabi/lib/armv7-m/crt0.o
START GROUP
LOAD C:\Users\Harry\AppData\Local\Temp\VMicroBuilds\RGB_CUBE_Dev\arduino_due_x_dbg/core/syscalls_sam3.c.o
LOAD C:\Users\Harry\AppData\Local\Temp\VMicroBuilds\RGB_CUBE_Dev\arduino_due_x_dbg\RGB_CUBE_Dev.cpp.o
LOAD C:\Users\Harry\AppData\Local\Temp\VMicroBuilds\RGB_CUBE_Dev\arduino_due_x_dbg\DueTimer\DueTimer.cpp.o
LOAD C:\Users\Harry\AppData\Local\Temp\VMicroBuilds\RGB_CUBE_Dev\arduino_due_x_dbg\SPI\SPI.cpp.o
LOAD C:\Users\Harry\AppData\Local\Temp\VMicroBuilds\RGB_CUBE_Dev\arduino_due_x_dbg\CoreFunctions.cpp.o
LOAD C:\Users\Harry\AppData\Local\Temp\VMicroBuilds\RGB_CUBE_Dev\arduino_due_x_dbg\DarrahAnimations.cpp.o
LOAD C:\Users\Harry\AppData\Local\arduino15\packages\arduino\hardware\sam\1.6.6\variants\arduino_due_x/libsam_sam3x8e_gcc_rel.a
LOAD C:\Users\Harry\AppData\Local\Temp\VMicroBuilds\RGB_CUBE_Dev\arduino_due_x_dbg/core.a
END GROUP
LOAD c:/users/harry/appdata/local/arduino15/packages/arduino/tools/arm-none-eabi-gcc/4.8.3-2014q1/bin/../lib/gcc/arm-none-eabi/4.8.3/../../../../arm-none-eabi/lib/armv7-m\libm.a
START GROUP
LOAD c:/users/harry/appdata/local/arduino15/packages/arduino/tools/arm-none-eabi-gcc/4.8.3-2014q1/bin/../lib/gcc/arm-none-eabi/4.8.3/armv7-m\libgcc.a
LOAD c:/users/harry/appdata/local/arduino15/packages/arduino/tools/arm-none-eabi-gcc/4.8.3-2014q1/bin/../lib/gcc/arm-none-eabi/4.8.3/../../../../arm-none-eabi/lib/armv7-m\libg.a
LOAD c:/users/harry/appdata/local/arduino15/packages/arduino/tools/arm-none-eabi-gcc/4.8.3-2014q1/bin/../lib/gcc/arm-none-eabi/4.8.3/../../../../arm-none-eabi/lib/armv7-m\libc.a
END GROUP
LOAD c:/users/harry/appdata/local/arduino15/packages/arduino/tools/arm-none-eabi-gcc/4.8.3-2014q1/bin/../lib/gcc/arm-none-eabi/4.8.3/armv7-m/crtend.o
LOAD c:/users/harry/appdata/local/arduino15/packages/arduino/tools/arm-none-eabi-gcc/4.8.3-2014q1/bin/../lib/gcc/arm-none-eabi/4.8.3/armv7-m/crtn.o

.text           0x00080000     0x7254
                0x00080000                . = ALIGN (0x4)
                0x00080000                _sfixed = .
 *(.vectors .vectors.*)
 .vectors       0x00080000       0xf4 C:\Users\Harry\AppData\Local\arduino15\packages\arduino\hardware\sam\1.6.6\variants\arduino_due_x/libsam_sam3x8e_gcc_rel.a(startup_sam3xa.o)
                0x00080000                exception_table
 *(.text .text.* .gnu.linkonce.t.*)
 .text          0x000800f4       0x54 c:/users/harry/appdata/local/arduino15/packages/arduino/tools/arm-none-eabi-gcc/4.8.3-2014q1/bin/../lib/gcc/arm-none-eabi/4.8.3/armv7-m/crtbegin.o
 .text._sbrk    0x00080148       0x1c C:\Users\Harry\AppData\Local\Temp\VMicroBuilds\RGB_CUBE_Dev\arduino_due_x_dbg/core/syscalls_sam3.c.o
                0x00080148                _sbrk
 .text._close   0x00080164        0x6 C:\Users\Harry\AppData\Local\Temp\VMicroBuilds\RGB_CUBE_Dev\arduino_due_x_dbg/core/syscalls_sam3.c.o
                0x00080164                _close
 .text._fstat   0x0008016a        0xa C:\Users\Harry\AppData\Local\Temp\VMicroBuilds\RGB_CUBE_Dev\arduino_due_x_dbg/core/syscalls_sam3.c.o
                0x0008016a                _fstat
 .text._isatty  0x00080174        0x4 C:\Users\Harry\AppData\Local\Temp\VMicroBuilds\RGB_CUBE_Dev\arduino_due_x_dbg/core/syscalls_sam3.c.o
                0x00080174                _isatty
 .text._lseek   0x00080178        0x4 C:\Users\Harry\AppData\Local\Temp\VMicroBuilds\RGB_CUBE_Dev\arduino_due_x_dbg/core/syscalls_sam3.c.o
                0x00080178                _lseek
 .text._read    0x0008017c        0x4 C:\Users\Harry\AppData\Local\Temp\VMicroBuilds\RGB_CUBE_Dev\arduino_due_x_dbg/core/syscalls_sam3.c.o
                0x0008017c                _read
 .text._write   0x00080180       0x24 C:\Users\Harry\AppData\Local\Temp\VMicroBuilds\RGB_CUBE_Dev\arduino_due_x_dbg/core/syscalls_sam3.c.o
                0x00080180                _write
 .text._exit    0x000801a4       0x10 C:\Users\Harry\AppData\Local\Temp\VMicroBuilds\RGB_CUBE_Dev\arduino_due_x_dbg/core/syscalls_sam3.c.o
                0x000801a4                _exit
 .text._kill    0x000801b4        0x2 C:\Users\Harry\AppData\Local\Temp\VMicroBuilds\RGB_CUBE_Dev\arduino_due_x_dbg/core/syscalls_sam3.c.o
                0x000801b4                _kill
 .text._getpid  0x000801b6        0x6 C:\Users\Harry\AppData\Local\Temp\VMicroBuilds\RGB_CUBE_Dev\arduino_due_x_dbg/core/syscalls_sam3.c.o
                0x000801b6                _getpid
 .text._Z17interruptTransferv
                0x000801bc      0x230 C:\Users\Harry\AppData\Local\Temp\VMicroBuilds\RGB_CUBE_Dev\arduino_due_x_dbg\RGB_CUBE_Dev.cpp.o
                0x000801bc                interruptTransfer()
 .text.setup    0x000803ec       0x90 C:\Users\Harry\AppData\Local\Temp\VMicroBuilds\RGB_CUBE_Dev\arduino_due_x_dbg\RGB_CUBE_Dev.cpp.o
                0x000803ec                setup
 .text._Z3LEDiiihhh
                0x0008047c      0x188 C:\Users\Harry\AppData\Local\Temp\VMicroBuilds\RGB_CUBE_Dev\arduino_due_x_dbg\RGB_CUBE_Dev.cpp.o
                0x0008047c                LED(int, int, int, unsigned char, unsigned char, unsigned char)
 .text.loop     0x00080604       0x2e C:\Users\Harry\AppData\Local\Temp\VMicroBuilds\RGB_CUBE_Dev\arduino_due_x_dbg\RGB_CUBE_Dev.cpp.o
                0x00080604                loop
 *fill*         0x00080632        0x2 
 .text._ZN8DueTimer15attachInterruptEPFvvE
                0x00080634       0x10 C:\Users\Harry\AppData\Local\Temp\VMicroBuilds\RGB_CUBE_Dev\arduino_due_x_dbg\DueTimer\DueTimer.cpp.o
                0x00080634                DueTimer::attachInterrupt(void (*)())
 *fill*         0x00080644        0x4 
 .text._ZN8DueTimer9bestClockEdRm
                0x00080648      0x1a8 C:\Users\Harry\AppData\Local\Temp\VMicroBuilds\RGB_CUBE_Dev\arduino_due_x_dbg\DueTimer\DueTimer.cpp.o
                0x00080648                DueTimer::bestClock(double, unsigned long&)
 .text._ZN8DueTimer12setFrequencyEd
                0x000807f0      0x120 C:\Users\Harry\AppData\Local\Temp\VMicroBuilds\RGB_CUBE_Dev\arduino_due_x_dbg\DueTimer\DueTimer.cpp.o
                0x000807f0                DueTimer::setFrequency(double)
 .text._ZN8DueTimer9setPeriodEm
                0x00080910       0x30 C:\Users\Harry\AppData\Local\Temp\VMicroBuilds\RGB_CUBE_Dev\arduino_due_x_dbg\DueTimer\DueTimer.cpp.o
                0x00080910                DueTimer::setPeriod(unsigned long)
 .text._ZN8DueTimer5startEl
                0x00080940      0x158 C:\Users\Harry\AppData\Local\Temp\VMicroBuilds\RGB_CUBE_Dev\arduino_due_x_dbg\DueTimer\DueTimer.cpp.o
                0x00080940                DueTimer::start(long)
 .text.TC0_Handler
                0x00080a98       0x1c C:\Users\Harry\AppData\Local\Temp\VMicroBuilds\RGB_CUBE_Dev\arduino_due_x_dbg\DueTimer\DueTimer.cpp.o
                0x00080a98                TC0_Handler
 .text.TC1_Handler
                0x00080ab4       0x1c C:\Users\Harry\AppData\Local\Temp\VMicroBuilds\RGB_CUBE_Dev\arduino_due_x_dbg\DueTimer\DueTimer.cpp.o
                0x00080ab4                TC1_Handler
 .text.TC2_Handler
                0x00080ad0       0x1c C:\Users\Harry\AppData\Local\Temp\VMicroBuilds\RGB_CUBE_Dev\arduino_due_x_dbg\DueTimer\DueTimer.cpp.o
                0x00080ad0                TC2_Handler
 .text.TC3_Handler
                0x00080aec       0x1c C:\Users\Harry\AppData\Local\Temp\VMicroBuilds\RGB_CUBE_Dev\arduino_due_x_dbg\DueTimer\DueTimer.cpp.o
                0x00080aec                TC3_Handler
 .text.TC4_Handler
                0x00080b08       0x1c C:\Users\Harry\AppData\Local\Temp\VMicroBuilds\RGB_CUBE_Dev\arduino_due_x_dbg\DueTimer\DueTimer.cpp.o
                0x00080b08                TC4_Handler
 .text.TC5_Handler
                0x00080b24       0x1c C:\Users\Harry\AppData\Local\Temp\VMicroBuilds\RGB_CUBE_Dev\arduino_due_x_dbg\DueTimer\DueTimer.cpp.o
                0x00080b24                TC5_Handler
 .text.TC6_Handler
                0x00080b40       0x1c C:\Users\Harry\AppData\Local\Temp\VMicroBuilds\RGB_CUBE_Dev\arduino_due_x_dbg\DueTimer\DueTimer.cpp.o
                0x00080b40                TC6_Handler
 .text.TC7_Handler
                0x00080b5c       0x1c C:\Users\Harry\AppData\Local\Temp\VMicroBuilds\RGB_CUBE_Dev\arduino_due_x_dbg\DueTimer\DueTimer.cpp.o
                0x00080b5c                TC7_Handler
 .text.TC8_Handler
                0x00080b78       0x1c C:\Users\Harry\AppData\Local\Temp\VMicroBuilds\RGB_CUBE_Dev\arduino_due_x_dbg\DueTimer\DueTimer.cpp.o
                0x00080b78                TC8_Handler
 .text.startup._GLOBAL__sub_I__ZN8DueTimer6TimersE
                0x00080b94       0x64 C:\Users\Harry\AppData\Local\Temp\VMicroBuilds\RGB_CUBE_Dev\arduino_due_x_dbg\DueTimer\DueTimer.cpp.o
 .text._ZL10SPI_0_Initv
                0x00080bf8       0x48 C:\Users\Harry\AppData\Local\Temp\VMicroBuilds\RGB_CUBE_Dev\arduino_due_x_dbg\SPI\SPI.cpp.o
 .text._ZN8SPIClass4initEv
                0x00080c40       0x36 C:\Users\Harry\AppData\Local\Temp\VMicroBuilds\RGB_CUBE_Dev\arduino_due_x_dbg\SPI\SPI.cpp.o
                0x00080c40                SPIClass::init()
 .text._ZN8SPIClass11setBitOrderEh8BitOrder
                0x00080c76       0x1e C:\Users\Harry\AppData\Local\Temp\VMicroBuilds\RGB_CUBE_Dev\arduino_due_x_dbg\SPI\SPI.cpp.o
                0x00080c76                SPIClass::setBitOrder(unsigned char, BitOrder)
 .text._ZN8SPIClass11setDataModeEhh
                0x00080c94       0x34 C:\Users\Harry\AppData\Local\Temp\VMicroBuilds\RGB_CUBE_Dev\arduino_due_x_dbg\SPI\SPI.cpp.o
                0x00080c94                SPIClass::setDataMode(unsigned char, unsigned char)
 .text._ZN8SPIClass15setClockDividerEhh
                0x00080cc8       0x2e C:\Users\Harry\AppData\Local\Temp\VMicroBuilds\RGB_CUBE_Dev\arduino_due_x_dbg\SPI\SPI.cpp.o
                0x00080cc8                SPIClass::setClockDivider(unsigned char, unsigned char)
 *fill*         0x00080cf6        0x2 
 .text._ZN8SPIClass5beginEh
                0x00080cf8       0x5c C:\Users\Harry\AppData\Local\Temp\VMicroBuilds\RGB_CUBE_Dev\arduino_due_x_dbg\SPI\SPI.cpp.o
                0x00080cf8                SPIClass::begin(unsigned char)
 .text._ZN8SPIClass8transferEhh15SPITransferMode
                0x00080d54       0x5e C:\Users\Harry\AppData\Local\Temp\VMicroBuilds\RGB_CUBE_Dev\arduino_due_x_dbg\SPI\SPI.cpp.o
                0x00080d54                SPIClass::transfer(unsigned char, unsigned char, SPITransferMode)
 *fill*         0x00080db2        0x2 
 .text.startup._GLOBAL__sub_I__ZN8SPIClassC2EP3SpimPFvvE
                0x00080db4       0x24 C:\Users\Harry\AppData\Local\Temp\VMicroBuilds\RGB_CUBE_Dev\arduino_due_x_dbg\SPI\SPI.cpp.o
 .text.PIO_PullUp
                0x00080dd8        0xa C:\Users\Harry\AppData\Local\arduino15\packages\arduino\hardware\sam\1.6.6\variants\arduino_due_x/libsam_sam3x8e_gcc_rel.a(pio.o)
                0x00080dd8                PIO_PullUp
 .text.PIO_SetPeripheral
                0x00080de2       0x26 C:\Users\Harry\AppData\Local\arduino15\packages\arduino\hardware\sam\1.6.6\variants\arduino_due_x/libsam_sam3x8e_gcc_rel.a(pio.o)
                0x00080de2                PIO_SetPeripheral
 .text.PIO_SetInput
                0x00080e08       0x26 C:\Users\Harry\AppData\Local\arduino15\packages\arduino\hardware\sam\1.6.6\variants\arduino_due_x/libsam_sam3x8e_gcc_rel.a(pio.o)
                0x00080e08                PIO_SetInput
 .text.PIO_SetOutput
                0x00080e2e       0x24 C:\Users\Harry\AppData\Local\arduino15\packages\arduino\hardware\sam\1.6.6\variants\arduino_due_x/libsam_sam3x8e_gcc_rel.a(pio.o)
                0x00080e2e                PIO_SetOutput
 *fill*         0x00080e52        0x2 
 .text.PIO_Configure
                0x00080e54       0x64 C:\Users\Harry\AppData\Local\arduino15\packages\arduino\hardware\sam\1.6.6\variants\arduino_due_x/libsam_sam3x8e_gcc_rel.a(pio.o)
                0x00080e54                PIO_Configure
 .text.PIO_GetOutputDataStatus
                0x00080eb8       0x14 C:\Users\Harry\AppData\Local\arduino15\packages\arduino\hardware\sam\1.6.6\variants\arduino_due_x/libsam_sam3x8e_gcc_rel.a(pio.o)
                0x00080eb8                PIO_GetOutputDataStatus
 .text.pmc_enable_upll_clock
                0x00080ecc       0x14 C:\Users\Harry\AppData\Local\arduino15\packages\arduino\hardware\sam\1.6.6\variants\arduino_due_x/libsam_sam3x8e_gcc_rel.a(pmc.o)
                0x00080ecc                pmc_enable_upll_clock
 .text.pmc_enable_periph_clk
                0x00080ee0       0x44 C:\Users\Harry\AppData\Local\arduino15\packages\arduino\hardware\sam\1.6.6\variants\arduino_due_x/libsam_sam3x8e_gcc_rel.a(pmc.o)
                0x00080ee0                pmc_enable_periph_clk
 .text.pmc_disable_periph_clk
                0x00080f24       0x40 C:\Users\Harry\AppData\Local\arduino15\packages\arduino\hardware\sam\1.6.6\variants\arduino_due_x/libsam_sam3x8e_gcc_rel.a(pmc.o)
                0x00080f24                pmc_disable_periph_clk
 .text.pmc_switch_udpck_to_upllck
                0x00080f64       0x14 C:\Users\Harry\AppData\Local\arduino15\packages\arduino\hardware\sam\1.6.6\variants\arduino_due_x/libsam_sam3x8e_gcc_rel.a(pmc.o)
                0x00080f64                pmc_switch_udpck_to_upllck
 .text.pmc_enable_udpck
                0x00080f78        0xc C:\Users\Harry\AppData\Local\arduino15\packages\arduino\hardware\sam\1.6.6\variants\arduino_due_x/libsam_sam3x8e_gcc_rel.a(pmc.o)
                0x00080f78                pmc_enable_udpck
 .text.pmc_set_writeprotect
                0x00080f84       0x1c C:\Users\Harry\AppData\Local\arduino15\packages\arduino\hardware\sam\1.6.6\variants\arduino_due_x/libsam_sam3x8e_gcc_rel.a(pmc.o)
                0x00080f84                pmc_set_writeprotect
 .text.SPI_Enable
                0x00080fa0        0x6 C:\Users\Harry\AppData\Local\arduino15\packages\arduino\hardware\sam\1.6.6\variants\arduino_due_x/libsam_sam3x8e_gcc_rel.a(spi.o)
                0x00080fa0                SPI_Enable
 *fill*         0x00080fa6        0x2 
 .text.SPI_Configure
                0x00080fa8       0x20 C:\Users\Harry\AppData\Local\arduino15\packages\arduino\hardware\sam\1.6.6\variants\arduino_due_x/libsam_sam3x8e_gcc_rel.a(spi.o)
                0x00080fa8                SPI_Configure
 .text.SPI_ConfigureNPCS
                0x00080fc8        0x8 C:\Users\Harry\AppData\Local\arduino15\packages\arduino\hardware\sam\1.6.6\variants\arduino_due_x/libsam_sam3x8e_gcc_rel.a(spi.o)
                0x00080fc8                SPI_ConfigureNPCS
 .text.TC_Configure
                0x00080fd0       0x38 C:\Users\Harry\AppData\Local\arduino15\packages\arduino\hardware\sam\1.6.6\variants\arduino_due_x/libsam_sam3x8e_gcc_rel.a(tc.o)
                0x00080fd0                TC_Configure
 .text.TC_Start
                0x00081008       0x2c C:\Users\Harry\AppData\Local\arduino15\packages\arduino\hardware\sam\1.6.6\variants\arduino_due_x/libsam_sam3x8e_gcc_rel.a(tc.o)
                0x00081008                TC_Start
 .text.TC_GetStatus
                0x00081034        0x8 C:\Users\Harry\AppData\Local\arduino15\packages\arduino\hardware\sam\1.6.6\variants\arduino_due_x/libsam_sam3x8e_gcc_rel.a(tc.o)
                0x00081034                TC_GetStatus
 .text.TC_SetRC
                0x0008103c        0x8 C:\Users\Harry\AppData\Local\arduino15\packages\arduino\hardware\sam\1.6.6\variants\arduino_due_x/libsam_sam3x8e_gcc_rel.a(tc.o)
                0x0008103c                TC_SetRC
 .text.Reset_Handler
                0x00081044       0x78 C:\Users\Harry\AppData\Local\arduino15\packages\arduino\hardware\sam\1.6.6\variants\arduino_due_x/libsam_sam3x8e_gcc_rel.a(startup_sam3xa.o)
                0x00081044                Reset_Handler
 .text.UOTGHS_Handler
                0x000810bc       0x10 C:\Users\Harry\AppData\Local\arduino15\packages\arduino\hardware\sam\1.6.6\variants\arduino_due_x/libsam_sam3x8e_gcc_rel.a(uotghs.o)
                0x000810bc                UOTGHS_Handler
 .text.__halt   0x000810cc        0x2 C:\Users\Harry\AppData\Local\Temp\VMicroBuilds\RGB_CUBE_Dev\arduino_due_x_dbg/core.a(cortex_handlers.c.o)
                0x000810cc                DACC_Handler
                0x000810cc                DebugMon_Handler
                0x000810cc                DMAC_Handler
                0x000810cc                TRNG_Handler
                0x000810cc                HardFault_Handler
                0x000810cc                TWI1_Handler
                0x000810cc                NMI_Handler
                0x000810cc                ADC_Handler
                0x000810cc                SMC_Handler
                0x000810cc                RTT_Handler
                0x000810cc                EFC1_Handler
                0x000810cc                PIOB_Handler
                0x000810cc                RTC_Handler
                0x000810cc                UsageFault_Handler
                0x000810cc                WDT_Handler
                0x000810cc                CAN0_Handler
                0x000810cc                HSMCI_Handler
                0x000810cc                TWI0_Handler
                0x000810cc                PIOA_Handler
                0x000810cc                SSC_Handler
                0x000810cc                EFC0_Handler
                0x000810cc                PMC_Handler
                0x000810cc                PWM_Handler
                0x000810cc                CAN1_Handler
                0x000810cc                MemManage_Handler
                0x000810cc                SUPC_Handler
                0x000810cc                USART2_Handler
                0x000810cc                PIOD_Handler
                0x000810cc                EMAC_Handler
                0x000810cc                PIOC_Handler
                0x000810cc                BusFault_Handler
                0x000810cc                RSTC_Handler
                0x000810cc                SPI0_Handler
 .text.SVC_Handler
                0x000810ce        0x4 C:\Users\Harry\AppData\Local\Temp\VMicroBuilds\RGB_CUBE_Dev\arduino_due_x_dbg/core.a(cortex_handlers.c.o)
                0x000810ce                SVC_Handler
 .text.PendSV_Handler
                0x000810d2        0x4 C:\Users\Harry\AppData\Local\Temp\VMicroBuilds\RGB_CUBE_Dev\arduino_due_x_dbg/core.a(cortex_handlers.c.o)
                0x000810d2                PendSV_Handler
 .text.SysTick_Handler
                0x000810d6       0x16 C:\Users\Harry\AppData\Local\Temp\VMicroBuilds\RGB_CUBE_Dev\arduino_due_x_dbg/core.a(cortex_handlers.c.o)
                0x000810d6                SysTick_Handler
 .text.__empty  0x000810ec        0x2 C:\Users\Harry\AppData\Local\Temp\VMicroBuilds\RGB_CUBE_Dev\arduino_due_x_dbg/core.a(hooks.c.o)
                0x000810ec                yield
 .text.__false  0x000810ee        0x4 C:\Users\Harry\AppData\Local\Temp\VMicroBuilds\RGB_CUBE_Dev\arduino_due_x_dbg/core.a(hooks.c.o)
                0x000810ee                sysTickHook
 .text.__halt   0x000810f2        0x2 C:\Users\Harry\AppData\Local\Temp\VMicroBuilds\RGB_CUBE_Dev\arduino_due_x_dbg/core.a(hooks.c.o)
                0x000810f2                svcHook
                0x000810f2                pendSVHook
 .text.delay    0x000810f4       0x1c C:\Users\Harry\AppData\Local\Temp\VMicroBuilds\RGB_CUBE_Dev\arduino_due_x_dbg/core.a(wiring.c.o)
                0x000810f4                delay
 .text.pinMode  0x00081110       0x64 C:\Users\Harry\AppData\Local\Temp\VMicroBuilds\RGB_CUBE_Dev\arduino_due_x_dbg/core.a(wiring_digital.c.o)
                0x00081110                pinMode
 .text.digitalWrite
                0x00081174       0x48 C:\Users\Harry\AppData\Local\Temp\VMicroBuilds\RGB_CUBE_Dev\arduino_due_x_dbg/core.a(wiring_digital.c.o)
                0x00081174                digitalWrite
 .text.initVariant
                0x000811bc        0x2 C:\Users\Harry\AppData\Local\Temp\VMicroBuilds\RGB_CUBE_Dev\arduino_due_x_dbg/core.a(main.cpp.o)
                0x000811bc                initVariant
 *fill*         0x000811be        0x2 
 .text.startup.main
                0x000811c0       0x38 C:\Users\Harry\AppData\Local\Temp\VMicroBuilds\RGB_CUBE_Dev\arduino_due_x_dbg/core.a(main.cpp.o)
                0x000811c0                main
 .text.initiateReset
                0x000811f8        0xc C:\Users\Harry\AppData\Local\Temp\VMicroBuilds\RGB_CUBE_Dev\arduino_due_x_dbg/core.a(Reset.cpp.o)
                0x000811f8                initiateReset
 .text.cancelReset
                0x00081204       0x10 C:\Users\Harry\AppData\Local\Temp\VMicroBuilds\RGB_CUBE_Dev\arduino_due_x_dbg/core.a(Reset.cpp.o)
                0x00081204                cancelReset
 .text.tickReset
                0x00081214       0x20 C:\Users\Harry\AppData\Local\Temp\VMicroBuilds\RGB_CUBE_Dev\arduino_due_x_dbg/core.a(Reset.cpp.o)
                0x00081214                tickReset
 .text._watchdogDefaultSetup
                0x00081234        0xc C:\Users\Harry\AppData\Local\Temp\VMicroBuilds\RGB_CUBE_Dev\arduino_due_x_dbg/core.a(watchdog.cpp.o)
                0x00081234                _watchdogDefaultSetup
                0x00081234                watchdogSetup()
 .text.unlikely._ZL11USB_SendZlpv
                0x00081240       0x20 C:\Users\Harry\AppData\Local\Temp\VMicroBuilds\RGB_CUBE_Dev\arduino_due_x_dbg/core.a(USBCore.cpp.o)
 .text._Z14USBD_Availablem
                0x00081260       0x2c C:\Users\Harry\AppData\Local\Temp\VMicroBuilds\RGB_CUBE_Dev\arduino_due_x_dbg/core.a(USBCore.cpp.o)
                0x00081260                USBD_Available(unsigned long)
 .text._Z9USBD_RecvmPvm
                0x0008128c       0x7c C:\Users\Harry\AppData\Local\Temp\VMicroBuilds\RGB_CUBE_Dev\arduino_due_x_dbg/core.a(USBCore.cpp.o)
                0x0008128c                USBD_Recv(unsigned long, void*, unsigned long)
 .text._Z9USBD_Recvm
                0x00081308       0x22 C:\Users\Harry\AppData\Local\Temp\VMicroBuilds\RGB_CUBE_Dev\arduino_due_x_dbg/core.a(USBCore.cpp.o)
                0x00081308                USBD_Recv(unsigned long)
 *fill*         0x0008132a        0x2 
 .text._Z9USBD_SendmPKvm
                0x0008132c       0x4c C:\Users\Harry\AppData\Local\Temp\VMicroBuilds\RGB_CUBE_Dev\arduino_due_x_dbg/core.a(USBCore.cpp.o)
                0x0008132c                USBD_Send(unsigned long, void const*, unsigned long)
 .text._Z16USBD_SendControlhPKvm
                0x00081378       0x40 C:\Users\Harry\AppData\Local\Temp\VMicroBuilds\RGB_CUBE_Dev\arduino_due_x_dbg/core.a(USBCore.cpp.o)
                0x00081378                USBD_SendControl(unsigned char, void const*, unsigned long)
 .text.unlikely._ZL24USB_SendStringDescriptorPKhi
                0x000813b8       0x38 C:\Users\Harry\AppData\Local\Temp\VMicroBuilds\RGB_CUBE_Dev\arduino_due_x_dbg/core.a(USBCore.cpp.o)
 .text._Z16USBD_RecvControlPvm
                0x000813f0       0x1c C:\Users\Harry\AppData\Local\Temp\VMicroBuilds\RGB_CUBE_Dev\arduino_due_x_dbg/core.a(USBCore.cpp.o)
                0x000813f0                USBD_RecvControl(void*, unsigned long)
 .text._Z26USBD_ClassInterfaceRequestR8USBSetup
                0x0008140c       0x1e C:\Users\Harry\AppData\Local\Temp\VMicroBuilds\RGB_CUBE_Dev\arduino_due_x_dbg/core.a(USBCore.cpp.o)
                0x0008140c                USBD_ClassInterfaceRequest(USBSetup&)
 .text._Z19USBD_SendInterfacesv
                0x0008142a       0x22 C:\Users\Harry\AppData\Local\Temp\VMicroBuilds\RGB_CUBE_Dev\arduino_due_x_dbg/core.a(USBCore.cpp.o)
                0x0008142a                USBD_SendInterfaces()
 .text._Z24USBD_SendOtherInterfacesv
                0x0008144c       0x22 C:\Users\Harry\AppData\Local\Temp\VMicroBuilds\RGB_CUBE_Dev\arduino_due_x_dbg/core.a(USBCore.cpp.o)
                0x0008144c                USBD_SendOtherInterfaces()
 .text._Z10USBD_Flushm
                0x0008146e       0x16 C:\Users\Harry\AppData\Local\Temp\VMicroBuilds\RGB_CUBE_Dev\arduino_due_x_dbg/core.a(USBCore.cpp.o)
                0x0008146e                USBD_Flush(unsigned long)
 .text._ZN10USBDevice_C2Ev
                0x00081484       0x24 C:\Users\Harry\AppData\Local\Temp\VMicroBuilds\RGB_CUBE_Dev\arduino_due_x_dbg/core.a(USBCore.cpp.o)
                0x00081484                USBDevice_::USBDevice_()
                0x00081484                USBDevice_::USBDevice_()
 .text._ZN10USBDevice_6attachEv
                0x000814a8       0x20 C:\Users\Harry\AppData\Local\Temp\VMicroBuilds\RGB_CUBE_Dev\arduino_due_x_dbg/core.a(USBCore.cpp.o)
                0x000814a8                USBDevice_::attach()
 .text.startup._GLOBAL__sub_I_EndPoints
                0x000814c8        0xc C:\Users\Harry\AppData\Local\Temp\VMicroBuilds\RGB_CUBE_Dev\arduino_due_x_dbg/core.a(USBCore.cpp.o)
 .text._ZL7USB_ISRv
                0x000814d4      0x454 C:\Users\Harry\AppData\Local\Temp\VMicroBuilds\RGB_CUBE_Dev\arduino_due_x_dbg/core.a(USBCore.cpp.o)
 .text._Z11serialEventv
                0x00081928        0x2 C:\Users\Harry\AppData\Local\Temp\VMicroBuilds\RGB_CUBE_Dev\arduino_due_x_dbg/core.a(variant.cpp.o)
                0x00081928                serialEvent()
 *fill*         0x0008192a        0x2 
 .text.UART_Handler
                0x0008192c        0xc C:\Users\Harry\AppData\Local\Temp\VMicroBuilds\RGB_CUBE_Dev\arduino_due_x_dbg/core.a(variant.cpp.o)
                0x0008192c                UART_Handler
 .text._Z12serialEvent1v
                0x00081938        0x2 C:\Users\Harry\AppData\Local\Temp\VMicroBuilds\RGB_CUBE_Dev\arduino_due_x_dbg/core.a(variant.cpp.o)
                0x00081938                serialEvent1()
 .text._Z12serialEvent2v
                0x0008193a        0x2 C:\Users\Harry\AppData\Local\Temp\VMicroBuilds\RGB_CUBE_Dev\arduino_due_x_dbg/core.a(variant.cpp.o)
                0x0008193a                serialEvent2()
 .text._Z12serialEvent3v
                0x0008193c        0x2 C:\Users\Harry\AppData\Local\Temp\VMicroBuilds\RGB_CUBE_Dev\arduino_due_x_dbg/core.a(variant.cpp.o)
                0x0008193c                serialEvent3()
 *fill*         0x0008193e        0x2 
 .text.USART0_Handler
                0x00081940        0xc C:\Users\Harry\AppData\Local\Temp\VMicroBuilds\RGB_CUBE_Dev\arduino_due_x_dbg/core.a(variant.cpp.o)
                0x00081940                USART0_Handler
 .text.USART1_Handler
                0x0008194c        0xc C:\Users\Harry\AppData\Local\Temp\VMicroBuilds\RGB_CUBE_Dev\arduino_due_x_dbg/core.a(variant.cpp.o)
                0x0008194c                USART1_Handler
 .text.USART3_Handler
                0x00081958        0xc C:\Users\Harry\AppData\Local\Temp\VMicroBuilds\RGB_CUBE_Dev\arduino_due_x_dbg/core.a(variant.cpp.o)
                0x00081958                USART3_Handler
 .text.init     0x00081964      0x128 C:\Users\Harry\AppData\Local\Temp\VMicroBuilds\RGB_CUBE_Dev\arduino_due_x_dbg/core.a(variant.cpp.o)
                0x00081964                init
 .text.startup._GLOBAL__sub_I_g_APinDescription
                0x00081a8c       0xd4 C:\Users\Harry\AppData\Local\Temp\VMicroBuilds\RGB_CUBE_Dev\arduino_due_x_dbg/core.a(variant.cpp.o)
 .text._Z14serialEventRunv
                0x00081b60       0x44 C:\Users\Harry\AppData\Local\Temp\VMicroBuilds\RGB_CUBE_Dev\arduino_due_x_dbg/core.a(variant.cpp.o)
                0x00081b60                serialEventRun()
 .text.analogOutputInit
                0x00081ba4       0x14 C:\Users\Harry\AppData\Local\Temp\VMicroBuilds\RGB_CUBE_Dev\arduino_due_x_dbg/core.a(wiring_analog.c.o)
                0x00081ba4                analogOutputInit
 .text._ZN10RingBufferC2Ev
                0x00081bb8       0x1a C:\Users\Harry\AppData\Local\Temp\VMicroBuilds\RGB_CUBE_Dev\arduino_due_x_dbg/core.a(RingBuffer.cpp.o)
                0x00081bb8                RingBuffer::RingBuffer()
                0x00081bb8                RingBuffer::RingBuffer()
 .text._ZN10RingBuffer10store_charEh
                0x00081bd2       0x1e C:\Users\Harry\AppData\Local\Temp\VMicroBuilds\RGB_CUBE_Dev\arduino_due_x_dbg/core.a(RingBuffer.cpp.o)
                0x00081bd2                RingBuffer::store_char(unsigned char)
 .text._ZN9UARTClasscvbEv
                0x00081bf0        0x4 C:\Users\Harry\AppData\Local\Temp\VMicroBuilds\RGB_CUBE_Dev\arduino_due_x_dbg/core.a(UARTClass.cpp.o)
                0x00081bf0                UARTClass::operator bool()
 .text._ZN9UARTClass9availableEv
                0x00081bf4       0x12 C:\Users\Harry\AppData\Local\Temp\VMicroBuilds\RGB_CUBE_Dev\arduino_due_x_dbg/core.a(UARTClass.cpp.o)
                0x00081bf4                UARTClass::available()
 .text._ZN9UARTClass4peekEv
                0x00081c06       0x1c C:\Users\Harry\AppData\Local\Temp\VMicroBuilds\RGB_CUBE_Dev\arduino_due_x_dbg/core.a(UARTClass.cpp.o)
                0x00081c06                UARTClass::peek()
 .text._ZN9UARTClass4readEv
                0x00081c22       0x2a C:\Users\Harry\AppData\Local\Temp\VMicroBuilds\RGB_CUBE_Dev\arduino_due_x_dbg/core.a(UARTClass.cpp.o)
                0x00081c22                UARTClass::read()
 .text._ZN9UARTClass5flushEv
                0x00081c4c       0x18 C:\Users\Harry\AppData\Local\Temp\VMicroBuilds\RGB_CUBE_Dev\arduino_due_x_dbg/core.a(UARTClass.cpp.o)
                0x00081c4c                UARTClass::flush()
 .text._ZN9UARTClass5writeEh
                0x00081c64       0x54 C:\Users\Harry\AppData\Local\Temp\VMicroBuilds\RGB_CUBE_Dev\arduino_due_x_dbg/core.a(UARTClass.cpp.o)
                0x00081c64                UARTClass::write(unsigned char)
 .text._ZN9UARTClass3endEv
                0x00081cb8       0x3c C:\Users\Harry\AppData\Local\Temp\VMicroBuilds\RGB_CUBE_Dev\arduino_due_x_dbg/core.a(UARTClass.cpp.o)
                0x00081cb8                UARTClass::end()
 .text._ZN9UARTClassC2EP4Uart4IRQnmP10RingBufferS4_
                0x00081cf4       0x24 C:\Users\Harry\AppData\Local\Temp\VMicroBuilds\RGB_CUBE_Dev\arduino_due_x_dbg/core.a(UARTClass.cpp.o)
                0x00081cf4                UARTClass::UARTClass(Uart*, IRQn, unsigned long, RingBuffer*, RingBuffer*)
                0x00081cf4                UARTClass::UARTClass(Uart*, IRQn, unsigned long, RingBuffer*, RingBuffer*)
 .text._ZN9UARTClass4initEmm
                0x00081d18       0x70 C:\Users\Harry\AppData\Local\Temp\VMicroBuilds\RGB_CUBE_Dev\arduino_due_x_dbg/core.a(UARTClass.cpp.o)
                0x00081d18                UARTClass::init(unsigned long, unsigned long)
 .text._ZN9UARTClass5beginEm
                0x00081d88        0x8 C:\Users\Harry\AppData\Local\Temp\VMicroBuilds\RGB_CUBE_Dev\arduino_due_x_dbg/core.a(UARTClass.cpp.o)
                0x00081d88                UARTClass::begin(unsigned long)
 .text._ZN9UARTClass10IrqHandlerEv
                0x00081d90       0x5a C:\Users\Harry\AppData\Local\Temp\VMicroBuilds\RGB_CUBE_Dev\arduino_due_x_dbg/core.a(UARTClass.cpp.o)
                0x00081d90                UARTClass::IrqHandler()
 .text._ZN10USARTClass5beginEm
                0x00081dea        0x8 C:\Users\Harry\AppData\Local\Temp\VMicroBuilds\RGB_CUBE_Dev\arduino_due_x_dbg/core.a(USARTClass.cpp.o)
                0x00081dea                USARTClass::begin(unsigned long)
 *fill*         0x00081df2        0x2 
 .text._ZN10USARTClassC2EP5Usart4IRQnmP10RingBufferS4_
                0x00081df4       0x24 C:\Users\Harry\AppData\Local\Temp\VMicroBuilds\RGB_CUBE_Dev\arduino_due_x_dbg/core.a(USARTClass.cpp.o)
                0x00081df4                USARTClass::USARTClass(Usart*, IRQn, unsigned long, RingBuffer*, RingBuffer*)
                0x00081df4                USARTClass::USARTClass(Usart*, IRQn, unsigned long, RingBuffer*, RingBuffer*)
 .text._ZN7Serial_9availableEv
                0x00081e18       0x18 C:\Users\Harry\AppData\Local\Temp\VMicroBuilds\RGB_CUBE_Dev\arduino_due_x_dbg/core.a(CDC.cpp.o)
                0x00081e18                Serial_::available()
 .text._ZN7Serial_4peekEv
                0x00081e30       0x20 C:\Users\Harry\AppData\Local\Temp\VMicroBuilds\RGB_CUBE_Dev\arduino_due_x_dbg/core.a(CDC.cpp.o)
                0x00081e30                Serial_::peek()
 .text._ZN7Serial_5writeEh
                0x00081e50       0x16 C:\Users\Harry\AppData\Local\Temp\VMicroBuilds\RGB_CUBE_Dev\arduino_due_x_dbg/core.a(CDC.cpp.o)
                0x00081e50                Serial_::write(unsigned char)
 *fill*         0x00081e66        0x2 
 .text._ZN7Serial_4readEv
                0x00081e68       0x44 C:\Users\Harry\AppData\Local\Temp\VMicroBuilds\RGB_CUBE_Dev\arduino_due_x_dbg/core.a(CDC.cpp.o)
                0x00081e68                Serial_::read()
 .text._ZN7Serial_5flushEv
                0x00081eac        0x6 C:\Users\Harry\AppData\Local\Temp\VMicroBuilds\RGB_CUBE_Dev\arduino_due_x_dbg/core.a(CDC.cpp.o)
                0x00081eac                Serial_::flush()
 *fill*         0x00081eb2        0x2 
 .text._ZN7Serial_6acceptEv
                0x00081eb4       0x70 C:\Users\Harry\AppData\Local\Temp\VMicroBuilds\RGB_CUBE_Dev\arduino_due_x_dbg/core.a(CDC.cpp.o)
                0x00081eb4                Serial_::accept()
 .text._ZN7Serial_5writeEPKhj
                0x00081f24       0x2c C:\Users\Harry\AppData\Local\Temp\VMicroBuilds\RGB_CUBE_Dev\arduino_due_x_dbg/core.a(CDC.cpp.o)
                0x00081f24                Serial_::write(unsigned char const*, unsigned int)
 .text._Z16CDC_GetInterfacePh
                0x00081f50       0x14 C:\Users\Harry\AppData\Local\Temp\VMicroBuilds\RGB_CUBE_Dev\arduino_due_x_dbg/core.a(CDC.cpp.o)
                0x00081f50                CDC_GetInterface(unsigned char*)
 .text._Z21CDC_GetOtherInterfacePh
                0x00081f64       0x14 C:\Users\Harry\AppData\Local\Temp\VMicroBuilds\RGB_CUBE_Dev\arduino_due_x_dbg/core.a(CDC.cpp.o)
                0x00081f64                CDC_GetOtherInterface(unsigned char*)
 .text._Z9CDC_SetupR8USBSetup
                0x00081f78       0x64 C:\Users\Harry\AppData\Local\Temp\VMicroBuilds\RGB_CUBE_Dev\arduino_due_x_dbg/core.a(CDC.cpp.o)
                0x00081f78                CDC_Setup(USBSetup&)
 .text.startup._GLOBAL__sub_I_cdc_rx_buffer
                0x00081fdc       0x1c C:\Users\Harry\AppData\Local\Temp\VMicroBuilds\RGB_CUBE_Dev\arduino_due_x_dbg/core.a(CDC.cpp.o)
 .text._ZN13PluggableUSB_12getInterfaceEPh
                0x00081ff8       0x28 C:\Users\Harry\AppData\Local\Temp\VMicroBuilds\RGB_CUBE_Dev\arduino_due_x_dbg/core.a(PluggableUSB.cpp.o)
                0x00081ff8                PluggableUSB_::getInterface(unsigned char*)
 .text._ZN13PluggableUSB_13getDescriptorER8USBSetup
                0x00082020       0x1c C:\Users\Harry\AppData\Local\Temp\VMicroBuilds\RGB_CUBE_Dev\arduino_due_x_dbg/core.a(PluggableUSB.cpp.o)
                0x00082020                PluggableUSB_::getDescriptor(USBSetup&)
 .text._ZN13PluggableUSB_12getShortNameEPc
                0x0008203c       0x1c C:\Users\Harry\AppData\Local\Temp\VMicroBuilds\RGB_CUBE_Dev\arduino_due_x_dbg/core.a(PluggableUSB.cpp.o)
                0x0008203c                PluggableUSB_::getShortName(char*)
 .text._ZN13PluggableUSB_5setupER8USBSetup
                0x00082058       0x20 C:\Users\Harry\AppData\Local\Temp\VMicroBuilds\RGB_CUBE_Dev\arduino_due_x_dbg/core.a(PluggableUSB.cpp.o)
                0x00082058                PluggableUSB_::setup(USBSetup&)
 .text._Z12PluggableUSBv
                0x00082078       0x28 C:\Users\Harry\AppData\Local\Temp\VMicroBuilds\RGB_CUBE_Dev\arduino_due_x_dbg/core.a(PluggableUSB.cpp.o)
                0x00082078                PluggableUSB()
 .text._ZN5Print5writeEPKhj
                0x000820a0       0x22 C:\Users\Harry\AppData\Local\Temp\VMicroBuilds\RGB_CUBE_Dev\arduino_due_x_dbg/core.a(Print.cpp.o)
                0x000820a0                Print::write(unsigned char const*, unsigned int)
 *fill*         0x000820c2        0x2 
 .text.TimeTick_Increment
                0x000820c4       0x10 C:\Users\Harry\AppData\Local\arduino15\packages\arduino\hardware\sam\1.6.6\variants\arduino_due_x/libsam_sam3x8e_gcc_rel.a(timetick.o)
                0x000820c4                TimeTick_Increment
 .text.GetTickCount
                0x000820d4        0xc C:\Users\Harry\AppData\Local\arduino15\packages\arduino\hardware\sam\1.6.6\variants\arduino_due_x/libsam_sam3x8e_gcc_rel.a(timetick.o)
                0x000820d4                GetTickCount
 .text.WDT_Disable
                0x000820e0        0x8 C:\Users\Harry\AppData\Local\arduino15\packages\arduino\hardware\sam\1.6.6\variants\arduino_due_x/libsam_sam3x8e_gcc_rel.a(wdt.o)
                0x000820e0                WDT_Disable
 .text.SystemInit
                0x000820e8       0x88 C:\Users\Harry\AppData\Local\arduino15\packages\arduino\hardware\sam\1.6.6\variants\arduino_due_x/libsam_sam3x8e_gcc_rel.a(system_sam3xa.o)
                0x000820e8                SystemInit
 .text.adc_init
                0x00082170       0x98 C:\Users\Harry\AppData\Local\arduino15\packages\arduino\hardware\sam\1.6.6\variants\arduino_due_x/libsam_sam3x8e_gcc_rel.a(adc.o)
                0x00082170                adc_init
 .text.adc_configure_trigger
                0x00082208        0xe C:\Users\Harry\AppData\Local\arduino15\packages\arduino\hardware\sam\1.6.6\variants\arduino_due_x/libsam_sam3x8e_gcc_rel.a(adc.o)
                0x00082208                adc_configure_trigger
 .text.adc_configure_timing
                0x00082216       0x1a C:\Users\Harry\AppData\Local\arduino15\packages\arduino\hardware\sam\1.6.6\variants\arduino_due_x/libsam_sam3x8e_gcc_rel.a(adc.o)
                0x00082216                adc_configure_timing
 .text.adc_disable_all_channel
                0x00082230        0x8 C:\Users\Harry\AppData\Local\arduino15\packages\arduino\hardware\sam\1.6.6\variants\arduino_due_x/libsam_sam3x8e_gcc_rel.a(adc.o)
                0x00082230                adc_disable_all_channel
 .text.adc_disable_interrupt
                0x00082238        0x4 C:\Users\Harry\AppData\Local\arduino15\packages\arduino\hardware\sam\1.6.6\variants\arduino_due_x/libsam_sam3x8e_gcc_rel.a(adc.o)
                0x00082238                adc_disable_interrupt
 .text.UDD_SetStack
                0x0008223c        0xc C:\Users\Harry\AppData\Local\arduino15\packages\arduino\hardware\sam\1.6.6\variants\arduino_due_x/libsam_sam3x8e_gcc_rel.a(uotghs_device.o)
                0x0008223c                UDD_SetStack
 .text.UDD_Init
                0x00082248       0xd0 C:\Users\Harry\AppData\Local\arduino15\packages\arduino\hardware\sam\1.6.6\variants\arduino_due_x/libsam_sam3x8e_gcc_rel.a(uotghs_device.o)
                0x00082248                UDD_Init
 .text.UDD_Attach
                0x00082318       0x50 C:\Users\Harry\AppData\Local\arduino15\packages\arduino\hardware\sam\1.6.6\variants\arduino_due_x/libsam_sam3x8e_gcc_rel.a(uotghs_device.o)
                0x00082318                UDD_Attach
 .text.UDD_InitEP
                0x00082368       0x2c C:\Users\Harry\AppData\Local\arduino15\packages\arduino\hardware\sam\1.6.6\variants\arduino_due_x/libsam_sam3x8e_gcc_rel.a(uotghs_device.o)
                0x00082368                UDD_InitEP
 .text.UDD_InitEndpoints
                0x00082394       0x3c C:\Users\Harry\AppData\Local\arduino15\packages\arduino\hardware\sam\1.6.6\variants\arduino_due_x/libsam_sam3x8e_gcc_rel.a(uotghs_device.o)
                0x00082394                UDD_InitEndpoints
 .text.UDD_WaitIN
                0x000823d0       0x10 C:\Users\Harry\AppData\Local\arduino15\packages\arduino\hardware\sam\1.6.6\variants\arduino_due_x/libsam_sam3x8e_gcc_rel.a(uotghs_device.o)
                0x000823d0                UDD_WaitIN
 .text.UDD_WaitOUT
                0x000823e0       0x10 C:\Users\Harry\AppData\Local\arduino15\packages\arduino\hardware\sam\1.6.6\variants\arduino_due_x/libsam_sam3x8e_gcc_rel.a(uotghs_device.o)
                0x000823e0                UDD_WaitOUT
 .text.UDD_ClearIN
                0x000823f0       0x18 C:\Users\Harry\AppData\Local\arduino15\packages\arduino\hardware\sam\1.6.6\variants\arduino_due_x/libsam_sam3x8e_gcc_rel.a(uotghs_device.o)
                0x000823f0                UDD_ClearIN
 .text.UDD_ClearOUT
                0x00082408       0x18 C:\Users\Harry\AppData\Local\arduino15\packages\arduino\hardware\sam\1.6.6\variants\arduino_due_x/libsam_sam3x8e_gcc_rel.a(uotghs_device.o)
                0x00082408                UDD_ClearOUT
 .text.UDD_ReceivedSetupInt
                0x00082420       0x10 C:\Users\Harry\AppData\Local\arduino15\packages\arduino\hardware\sam\1.6.6\variants\arduino_due_x/libsam_sam3x8e_gcc_rel.a(uotghs_device.o)
                0x00082420                UDD_ReceivedSetupInt
 .text.UDD_ClearSetupInt
                0x00082430       0x10 C:\Users\Harry\AppData\Local\arduino15\packages\arduino\hardware\sam\1.6.6\variants\arduino_due_x/libsam_sam3x8e_gcc_rel.a(uotghs_device.o)
                0x00082430                UDD_ClearSetupInt
 .text.UDD_Send
                0x00082440       0x88 C:\Users\Harry\AppData\Local\arduino15\packages\arduino\hardware\sam\1.6.6\variants\arduino_due_x/libsam_sam3x8e_gcc_rel.a(uotghs_device.o)
                0x00082440                UDD_Send
 .text.UDD_Send8
                0x000824c8       0x24 C:\Users\Harry\AppData\Local\arduino15\packages\arduino\hardware\sam\1.6.6\variants\arduino_due_x/libsam_sam3x8e_gcc_rel.a(uotghs_device.o)
                0x000824c8                UDD_Send8
 .text.UDD_Recv8
                0x000824ec       0x28 C:\Users\Harry\AppData\Local\arduino15\packages\arduino\hardware\sam\1.6.6\variants\arduino_due_x/libsam_sam3x8e_gcc_rel.a(uotghs_device.o)
                0x000824ec                UDD_Recv8
 .text.UDD_Recv
                0x00082514       0x34 C:\Users\Harry\AppData\Local\arduino15\packages\arduino\hardware\sam\1.6.6\variants\arduino_due_x/libsam_sam3x8e_gcc_rel.a(uotghs_device.o)
                0x00082514                UDD_Recv
 .text.UDD_Stall
                0x00082548       0x14 C:\Users\Harry\AppData\Local\arduino15\packages\arduino\hardware\sam\1.6.6\variants\arduino_due_x/libsam_sam3x8e_gcc_rel.a(uotghs_device.o)
                0x00082548                UDD_Stall
 .text.UDD_FifoByteCount
                0x0008255c       0x14 C:\Users\Harry\AppData\Local\arduino15\packages\arduino\hardware\sam\1.6.6\variants\arduino_due_x/libsam_sam3x8e_gcc_rel.a(uotghs_device.o)
                0x0008255c                UDD_FifoByteCount
 .text.UDD_ReleaseRX
                0x00082570       0x28 C:\Users\Harry\AppData\Local\arduino15\packages\arduino\hardware\sam\1.6.6\variants\arduino_due_x/libsam_sam3x8e_gcc_rel.a(uotghs_device.o)
                0x00082570                UDD_ReleaseRX
 .text.UDD_ReleaseTX
                0x00082598       0x28 C:\Users\Harry\AppData\Local\arduino15\packages\arduino\hardware\sam\1.6.6\variants\arduino_due_x/libsam_sam3x8e_gcc_rel.a(uotghs_device.o)
                0x00082598                UDD_ReleaseTX
 .text.UDD_SetAddress
                0x000825c0       0x20 C:\Users\Harry\AppData\Local\arduino15\packages\arduino\hardware\sam\1.6.6\variants\arduino_due_x/libsam_sam3x8e_gcc_rel.a(uotghs_device.o)
                0x000825c0                UDD_SetAddress
 .text          0x000825e0      0x370 c:/users/harry/appdata/local/arduino15/packages/arduino/tools/arm-none-eabi-gcc/4.8.3-2014q1/bin/../lib/gcc/arm-none-eabi/4.8.3/armv7-m\libgcc.a(_arm_addsubdf3.o)
                0x000825e0                __aeabi_drsub
                0x000825e8                __aeabi_dsub
                0x000825e8                __subdf3
                0x000825ec                __aeabi_dadd
                0x000825ec                __adddf3
                0x00082864                __floatunsidf
                0x00082864                __aeabi_ui2d
                0x00082884                __floatsidf
                0x00082884                __aeabi_i2d
                0x000828a8                __aeabi_f2d
                0x000828a8                __extendsfdf2
                0x000828e4                __floatundidf
                0x000828e4                __aeabi_ul2d
                0x000828f4                __floatdidf
                0x000828f4                __aeabi_l2d
 .text          0x00082950      0x424 c:/users/harry/appdata/local/arduino15/packages/arduino/tools/arm-none-eabi-gcc/4.8.3-2014q1/bin/../lib/gcc/arm-none-eabi/4.8.3/armv7-m\libgcc.a(_arm_muldivdf3.o)
                0x00082950                __aeabi_dmul
                0x00082950                __muldf3
                0x00082ba4                __divdf3
                0x00082ba4                __aeabi_ddiv
 .text          0x00082d74      0x110 c:/users/harry/appdata/local/arduino15/packages/arduino/tools/arm-none-eabi-gcc/4.8.3-2014q1/bin/../lib/gcc/arm-none-eabi/4.8.3/armv7-m\libgcc.a(_arm_cmpdf2.o)
                0x00082d74                __gtdf2
                0x00082d74                __gedf2
                0x00082d7c                __ltdf2
                0x00082d7c                __ledf2
                0x00082d84                __nedf2
                0x00082d84                __eqdf2
                0x00082d84                __cmpdf2
                0x00082e00                __aeabi_cdrcmple
                0x00082e10                __aeabi_cdcmpeq
                0x00082e10                __aeabi_cdcmple
                0x00082e20                __aeabi_dcmpeq
                0x00082e34                __aeabi_dcmplt
                0x00082e48                __aeabi_dcmple
                0x00082e5c                __aeabi_dcmpge
                0x00082e70                __aeabi_dcmpgt
 .text          0x00082e84       0x50 c:/users/harry/appdata/local/arduino15/packages/arduino/tools/arm-none-eabi-gcc/4.8.3-2014q1/bin/../lib/gcc/arm-none-eabi/4.8.3/armv7-m\libgcc.a(_arm_fixdfsi.o)
                0x00082e84                __aeabi_d2iz
                0x00082e84                __fixdfsi
 .text          0x00082ed4       0xa0 c:/users/harry/appdata/local/arduino15/packages/arduino/tools/arm-none-eabi-gcc/4.8.3-2014q1/bin/../lib/gcc/arm-none-eabi/4.8.3/armv7-m\libgcc.a(_arm_truncdfsf2.o)
                0x00082ed4                __truncdfsf2
                0x00082ed4                __aeabi_d2f
 .text          0x00082f74      0x21c c:/users/harry/appdata/local/arduino15/packages/arduino/tools/arm-none-eabi-gcc/4.8.3-2014q1/bin/../lib/gcc/arm-none-eabi/4.8.3/armv7-m\libgcc.a(_arm_addsubsf3.o)
                0x00082f74                __aeabi_frsub
                0x00082f7c                __subsf3
                0x00082f7c                __aeabi_fsub
                0x00082f80                __aeabi_fadd
                0x00082f80                __addsf3
                0x000830e0                __aeabi_ui2f
                0x000830e0                __floatunsisf
                0x000830e8                __aeabi_i2f
                0x000830e8                __floatsisf
                0x00083104                __aeabi_ul2f
                0x00083104                __floatundisf
                0x00083114                __aeabi_l2f
                0x00083114                __floatdisf
 .text          0x00083190      0x2a0 c:/users/harry/appdata/local/arduino15/packages/arduino/tools/arm-none-eabi-gcc/4.8.3-2014q1/bin/../lib/gcc/arm-none-eabi/4.8.3/armv7-m\libgcc.a(_arm_muldivsf3.o)
                0x00083190                __mulsf3
                0x00083190                __aeabi_fmul
                0x000832f8                __aeabi_fdiv
                0x000832f8                __divsf3
 .text          0x00083430       0xec c:/users/harry/appdata/local/arduino15/packages/arduino/tools/arm-none-eabi-gcc/4.8.3-2014q1/bin/../lib/gcc/arm-none-eabi/4.8.3/armv7-m\libgcc.a(_arm_cmpsf2.o)
                0x00083430                __gesf2
                0x00083430                __gtsf2
                0x00083438                __lesf2
                0x00083438                __ltsf2
                0x00083440                __nesf2
                0x00083440                __eqsf2
                0x00083440                __cmpsf2
                0x000834a0                __aeabi_cfrcmple
                0x000834a8                __aeabi_cfcmpeq
                0x000834a8                __aeabi_cfcmple
                0x000834b8                __aeabi_fcmpeq
                0x000834cc                __aeabi_fcmplt
                0x000834e0                __aeabi_fcmple
                0x000834f4                __aeabi_fcmpge
                0x00083508                __aeabi_fcmpgt
 .text.__assert_func
                0x0008351c       0x3c c:/users/harry/appdata/local/arduino15/packages/arduino/tools/arm-none-eabi-gcc/4.8.3-2014q1/bin/../lib/gcc/arm-none-eabi/4.8.3/../../../../arm-none-eabi/lib/armv7-m\libg.a(lib_a-assert.o)
                0x0008351c                __assert_func
 .text.fiprintf
                0x00083558       0x28 c:/users/harry/appdata/local/arduino15/packages/arduino/tools/arm-none-eabi-gcc/4.8.3-2014q1/bin/../lib/gcc/arm-none-eabi/4.8.3/../../../../arm-none-eabi/lib/armv7-m\libg.a(lib_a-fiprintf.o)
                0x00083558                fiprintf
 .text.__libc_init_array
                0x00083580       0x50 c:/users/harry/appdata/local/arduino15/packages/arduino/tools/arm-none-eabi-gcc/4.8.3-2014q1/bin/../lib/gcc/arm-none-eabi/4.8.3/../../../../arm-none-eabi/lib/armv7-m\libg.a(lib_a-init.o)
                0x00083580                __libc_init_array
 .text.iprintf  0x000835d0       0x28 c:/users/harry/appdata/local/arduino15/packages/arduino/tools/arm-none-eabi-gcc/4.8.3-2014q1/bin/../lib/gcc/arm-none-eabi/4.8.3/../../../../arm-none-eabi/lib/armv7-m\libg.a(lib_a-iprintf.o)
                0x000835d0                iprintf
 .text.memset   0x000835f8       0x94 c:/users/harry/appdata/local/arduino15/packages/arduino/tools/arm-none-eabi-gcc/4.8.3-2014q1/bin/../lib/gcc/arm-none-eabi/4.8.3/../../../../arm-none-eabi/lib/armv7-m\libg.a(lib_a-memset.o)
                0x000835f8                memset
 .text.strlen   0x0008368c       0x60 c:/users/harry/appdata/local/arduino15/packages/arduino/tools/arm-none-eabi-gcc/4.8.3-2014q1/bin/../lib/gcc/arm-none-eabi/4.8.3/../../../../arm-none-eabi/lib/armv7-m\libg.a(lib_a-strlen.o)
                0x0008368c                strlen
 .text.__sprint_r.part.0
                0x000836ec       0x78 c:/users/harry/appdata/local/arduino15/packages/arduino/tools/arm-none-eabi-gcc/4.8.3-2014q1/bin/../lib/gcc/arm-none-eabi/4.8.3/../../../../arm-none-eabi/lib/armv7-m\libg.a(lib_a-vfiprintf.o)
 .text._vfiprintf_r
                0x00083764      0xc54 c:/users/harry/appdata/local/arduino15/packages/arduino/tools/arm-none-eabi-gcc/4.8.3-2014q1/bin/../lib/gcc/arm-none-eabi/4.8.3/../../../../arm-none-eabi/lib/armv7-m\libg.a(lib_a-vfiprintf.o)
                0x00083764                _vfiprintf_r
 .text.__sbprintf
                0x000843b8       0x7c c:/users/harry/appdata/local/arduino15/packages/arduino/tools/arm-none-eabi-gcc/4.8.3-2014q1/bin/../lib/gcc/arm-none-eabi/4.8.3/../../../../arm-none-eabi/lib/armv7-m\libg.a(lib_a-vfiprintf.o)
 .text.__swsetup_r
                0x00084434       0xc4 c:/users/harry/appdata/local/arduino15/packages/arduino/tools/arm-none-eabi-gcc/4.8.3-2014q1/bin/../lib/gcc/arm-none-eabi/4.8.3/../../../../arm-none-eabi/lib/armv7-m\libg.a(lib_a-wsetup.o)
                0x00084434                __swsetup_r
 .text.startup.register_fini
                0x000844f8       0x14 c:/users/harry/appdata/local/arduino15/packages/arduino/tools/arm-none-eabi-gcc/4.8.3-2014q1/bin/../lib/gcc/arm-none-eabi/4.8.3/../../../../arm-none-eabi/lib/armv7-m\libg.a(lib_a-__call_atexit.o)
 .text.abort    0x0008450c       0x10 c:/users/harry/appdata/local/arduino15/packages/arduino/tools/arm-none-eabi-gcc/4.8.3-2014q1/bin/../lib/gcc/arm-none-eabi/4.8.3/../../../../arm-none-eabi/lib/armv7-m\libg.a(lib_a-abort.o)
                0x0008450c                abort
 .text.atexit   0x0008451c        0xc c:/users/harry/appdata/local/arduino15/packages/arduino/tools/arm-none-eabi-gcc/4.8.3-2014q1/bin/../lib/gcc/arm-none-eabi/4.8.3/../../../../arm-none-eabi/lib/armv7-m\libg.a(lib_a-atexit.o)
                0x0008451c                atexit
 .text.__sflush_r
                0x00084528      0x148 c:/users/harry/appdata/local/arduino15/packages/arduino/tools/arm-none-eabi-gcc/4.8.3-2014q1/bin/../lib/gcc/arm-none-eabi/4.8.3/../../../../arm-none-eabi/lib/armv7-m\libg.a(lib_a-fflush.o)
                0x00084528                __sflush_r
 .text._fflush_r
                0x00084670       0x2c c:/users/harry/appdata/local/arduino15/packages/arduino/tools/arm-none-eabi-gcc/4.8.3-2014q1/bin/../lib/gcc/arm-none-eabi/4.8.3/../../../../arm-none-eabi/lib/armv7-m\libg.a(lib_a-fflush.o)
                0x00084670                _fflush_r
 .text._cleanup_r
                0x0008469c        0xc c:/users/harry/appdata/local/arduino15/packages/arduino/tools/arm-none-eabi-gcc/4.8.3-2014q1/bin/../lib/gcc/arm-none-eabi/4.8.3/../../../../arm-none-eabi/lib/armv7-m\libg.a(lib_a-findfp.o)
                0x0008469c                _cleanup_r
 .text.__sinit  0x000846a8       0xf4 c:/users/harry/appdata/local/arduino15/packages/arduino/tools/arm-none-eabi-gcc/4.8.3-2014q1/bin/../lib/gcc/arm-none-eabi/4.8.3/../../../../arm-none-eabi/lib/armv7-m\libg.a(lib_a-findfp.o)
                0x000846a8                __sinit
 .text.__sfp_lock_acquire
                0x0008479c        0x4 c:/users/harry/appdata/local/arduino15/packages/arduino/tools/arm-none-eabi-gcc/4.8.3-2014q1/bin/../lib/gcc/arm-none-eabi/4.8.3/../../../../arm-none-eabi/lib/armv7-m\libg.a(lib_a-findfp.o)
                0x0008479c                __sfp_lock_acquire
 .text.__sfp_lock_release
                0x000847a0        0x4 c:/users/harry/appdata/local/arduino15/packages/arduino/tools/arm-none-eabi-gcc/4.8.3-2014q1/bin/../lib/gcc/arm-none-eabi/4.8.3/../../../../arm-none-eabi/lib/armv7-m\libg.a(lib_a-findfp.o)
                0x000847a0                __sfp_lock_release
 .text.__libc_fini_array
                0x000847a4       0x30 c:/users/harry/appdata/local/arduino15/packages/arduino/tools/arm-none-eabi-gcc/4.8.3-2014q1/bin/../lib/gcc/arm-none-eabi/4.8.3/../../../../arm-none-eabi/lib/armv7-m\libg.a(lib_a-fini.o)
                0x000847a4                __libc_fini_array
 .text._fputwc_r
                0x000847d4       0xc0 c:/users/harry/appdata/local/arduino15/packages/arduino/tools/arm-none-eabi-gcc/4.8.3-2014q1/bin/../lib/gcc/arm-none-eabi/4.8.3/../../../../arm-none-eabi/lib/armv7-m\libg.a(lib_a-fputwc.o)
                0x000847d4                _fputwc_r
 .text._malloc_trim_r
                0x00084894       0x9c c:/users/harry/appdata/local/arduino15/packages/arduino/tools/arm-none-eabi-gcc/4.8.3-2014q1/bin/../lib/gcc/arm-none-eabi/4.8.3/../../../../arm-none-eabi/lib/armv7-m\libg.a(lib_a-freer.o)
                0x00084894                _malloc_trim_r
 .text._free_r  0x00084930      0x198 c:/users/harry/appdata/local/arduino15/packages/arduino/tools/arm-none-eabi-gcc/4.8.3-2014q1/bin/../lib/gcc/arm-none-eabi/4.8.3/../../../../arm-none-eabi/lib/armv7-m\libg.a(lib_a-freer.o)
                0x00084930                _free_r
 .text.__sfvwrite_r
                0x00084ac8      0x314 c:/users/harry/appdata/local/arduino15/packages/arduino/tools/arm-none-eabi-gcc/4.8.3-2014q1/bin/../lib/gcc/arm-none-eabi/4.8.3/../../../../arm-none-eabi/lib/armv7-m\libg.a(lib_a-fvwrite.o)
                0x00084ac8                __sfvwrite_r
 .text._fwalk   0x00084ddc       0x48 c:/users/harry/appdata/local/arduino15/packages/arduino/tools/arm-none-eabi-gcc/4.8.3-2014q1/bin/../lib/gcc/arm-none-eabi/4.8.3/../../../../arm-none-eabi/lib/armv7-m\libg.a(lib_a-fwalk.o)
                0x00084ddc                _fwalk
 .text.__locale_charset
                0x00084e24        0x8 c:/users/harry/appdata/local/arduino15/packages/arduino/tools/arm-none-eabi-gcc/4.8.3-2014q1/bin/../lib/gcc/arm-none-eabi/4.8.3/../../../../arm-none-eabi/lib/armv7-m\libg.a(lib_a-locale.o)
                0x00084e24                __locale_charset
 .text.__locale_mb_cur_max
                0x00084e2c        0xc c:/users/harry/appdata/local/arduino15/packages/arduino/tools/arm-none-eabi-gcc/4.8.3-2014q1/bin/../lib/gcc/arm-none-eabi/4.8.3/../../../../arm-none-eabi/lib/armv7-m\libg.a(lib_a-locale.o)
                0x00084e2c                __locale_mb_cur_max
 .text.__smakebuf_r
                0x00084e38       0xe0 c:/users/harry/appdata/local/arduino15/packages/arduino/tools/arm-none-eabi-gcc/4.8.3-2014q1/bin/../lib/gcc/arm-none-eabi/4.8.3/../../../../arm-none-eabi/lib/armv7-m\libg.a(lib_a-makebuf.o)
                0x00084e38                __smakebuf_r
 .text._malloc_r
                0x00084f18      0x538 c:/users/harry/appdata/local/arduino15/packages/arduino/tools/arm-none-eabi-gcc/4.8.3-2014q1/bin/../lib/gcc/arm-none-eabi/4.8.3/../../../../arm-none-eabi/lib/armv7-m\libg.a(lib_a-mallocr.o)
                0x00084f18                _malloc_r
 .text.memchr   0x00085450       0x94 c:/users/harry/appdata/local/arduino15/packages/arduino/tools/arm-none-eabi-gcc/4.8.3-2014q1/bin/../lib/gcc/arm-none-eabi/4.8.3/../../../../arm-none-eabi/lib/armv7-m\libg.a(lib_a-memchr-stub.o)
                0x00085450                memchr
 .text          0x000854e4       0xec c:/users/harry/appdata/local/arduino15/packages/arduino/tools/arm-none-eabi-gcc/4.8.3-2014q1/bin/../lib/gcc/arm-none-eabi/4.8.3/../../../../arm-none-eabi/lib/armv7-m\libg.a(lib_a-memcpy.o)
                0x000854e4                memcpy
 .text.memmove  0x000855d0       0xcc c:/users/harry/appdata/local/arduino15/packages/arduino/tools/arm-none-eabi-gcc/4.8.3-2014q1/bin/../lib/gcc/arm-none-eabi/4.8.3/../../../../arm-none-eabi/lib/armv7-m\libg.a(lib_a-memmove.o)
                0x000855d0                memmove
 .text.__malloc_lock
                0x0008569c        0x4 c:/users/harry/appdata/local/arduino15/packages/arduino/tools/arm-none-eabi-gcc/4.8.3-2014q1/bin/../lib/gcc/arm-none-eabi/4.8.3/../../../../arm-none-eabi/lib/armv7-m\libg.a(lib_a-mlock.o)
                0x0008569c                __malloc_lock
 .text.__malloc_unlock
                0x000856a0        0x4 c:/users/harry/appdata/local/arduino15/packages/arduino/tools/arm-none-eabi-gcc/4.8.3-2014q1/bin/../lib/gcc/arm-none-eabi/4.8.3/../../../../arm-none-eabi/lib/armv7-m\libg.a(lib_a-mlock.o)
                0x000856a0                __malloc_unlock
 .text._realloc_r
                0x000856a4      0x3c0 c:/users/harry/appdata/local/arduino15/packages/arduino/tools/arm-none-eabi-gcc/4.8.3-2014q1/bin/../lib/gcc/arm-none-eabi/4.8.3/../../../../arm-none-eabi/lib/armv7-m\libg.a(lib_a-reallocr.o)
                0x000856a4                _realloc_r
 .text._sbrk_r  0x00085a64       0x24 c:/users/harry/appdata/local/arduino15/packages/arduino/tools/arm-none-eabi-gcc/4.8.3-2014q1/bin/../lib/gcc/arm-none-eabi/4.8.3/../../../../arm-none-eabi/lib/armv7-m\libg.a(lib_a-sbrkr.o)
                0x00085a64                _sbrk_r
 .text._raise_r
                0x00085a88       0x58 c:/users/harry/appdata/local/arduino15/packages/arduino/tools/arm-none-eabi-gcc/4.8.3-2014q1/bin/../lib/gcc/arm-none-eabi/4.8.3/../../../../arm-none-eabi/lib/armv7-m\libg.a(lib_a-signal.o)
                0x00085a88                _raise_r
 .text.raise    0x00085ae0       0x10 c:/users/harry/appdata/local/arduino15/packages/arduino/tools/arm-none-eabi-gcc/4.8.3-2014q1/bin/../lib/gcc/arm-none-eabi/4.8.3/../../../../arm-none-eabi/lib/armv7-m\libg.a(lib_a-signal.o)
                0x00085ae0                raise
 .text._kill_r  0x00085af0       0x28 c:/users/harry/appdata/local/arduino15/packages/arduino/tools/arm-none-eabi-gcc/4.8.3-2014q1/bin/../lib/gcc/arm-none-eabi/4.8.3/../../../../arm-none-eabi/lib/armv7-m\libg.a(lib_a-signalr.o)
                0x00085af0                _kill_r
 .text._getpid_r
                0x00085b18        0x4 c:/users/harry/appdata/local/arduino15/packages/arduino/tools/arm-none-eabi-gcc/4.8.3-2014q1/bin/../lib/gcc/arm-none-eabi/4.8.3/../../../../arm-none-eabi/lib/armv7-m\libg.a(lib_a-signalr.o)
                0x00085b18                _getpid_r
 .text.__sread  0x00085b1c       0x24 c:/users/harry/appdata/local/arduino15/packages/arduino/tools/arm-none-eabi-gcc/4.8.3-2014q1/bin/../lib/gcc/arm-none-eabi/4.8.3/../../../../arm-none-eabi/lib/armv7-m\libg.a(lib_a-stdio.o)
                0x00085b1c                __sread
 .text.__swrite
                0x00085b40       0x38 c:/users/harry/appdata/local/arduino15/packages/arduino/tools/arm-none-eabi-gcc/4.8.3-2014q1/bin/../lib/gcc/arm-none-eabi/4.8.3/../../../../arm-none-eabi/lib/armv7-m\libg.a(lib_a-stdio.o)
                0x00085b40                __swrite
 .text.__sseek  0x00085b78       0x20 c:/users/harry/appdata/local/arduino15/packages/arduino/tools/arm-none-eabi-gcc/4.8.3-2014q1/bin/../lib/gcc/arm-none-eabi/4.8.3/../../../../arm-none-eabi/lib/armv7-m\libg.a(lib_a-stdio.o)
                0x00085b78                __sseek
 .text.__sclose
                0x00085b98        0x8 c:/users/harry/appdata/local/arduino15/packages/arduino/tools/arm-none-eabi-gcc/4.8.3-2014q1/bin/../lib/gcc/arm-none-eabi/4.8.3/../../../../arm-none-eabi/lib/armv7-m\libg.a(lib_a-stdio.o)
                0x00085b98                __sclose
 .text.__swbuf_r
                0x00085ba0       0xa8 c:/users/harry/appdata/local/arduino15/packages/arduino/tools/arm-none-eabi-gcc/4.8.3-2014q1/bin/../lib/gcc/arm-none-eabi/4.8.3/../../../../arm-none-eabi/lib/armv7-m\libg.a(lib_a-wbuf.o)
                0x00085ba0                __swbuf_r
 .text._wcrtomb_r
                0x00085c48       0x50 c:/users/harry/appdata/local/arduino15/packages/arduino/tools/arm-none-eabi-gcc/4.8.3-2014q1/bin/../lib/gcc/arm-none-eabi/4.8.3/../../../../arm-none-eabi/lib/armv7-m\libg.a(lib_a-wcrtomb.o)
                0x00085c48                _wcrtomb_r
 .text.__ascii_wctomb
                0x00085c98       0x1c c:/users/harry/appdata/local/arduino15/packages/arduino/tools/arm-none-eabi-gcc/4.8.3-2014q1/bin/../lib/gcc/arm-none-eabi/4.8.3/../../../../arm-none-eabi/lib/armv7-m\libg.a(lib_a-wctomb_r.o)
                0x00085c98                __ascii_wctomb
 .text._write_r
                0x00085cb4       0x28 c:/users/harry/appdata/local/arduino15/packages/arduino/tools/arm-none-eabi-gcc/4.8.3-2014q1/bin/../lib/gcc/arm-none-eabi/4.8.3/../../../../arm-none-eabi/lib/armv7-m\libg.a(lib_a-writer.o)
                0x00085cb4                _write_r
 .text.__register_exitproc
                0x00085cdc       0xa8 c:/users/harry/appdata/local/arduino15/packages/arduino/tools/arm-none-eabi-gcc/4.8.3-2014q1/bin/../lib/gcc/arm-none-eabi/4.8.3/../../../../arm-none-eabi/lib/armv7-m\libg.a(lib_a-__atexit.o)
                0x00085cdc                __register_exitproc
 .text._close_r
                0x00085d84       0x24 c:/users/harry/appdata/local/arduino15/packages/arduino/tools/arm-none-eabi-gcc/4.8.3-2014q1/bin/../lib/gcc/arm-none-eabi/4.8.3/../../../../arm-none-eabi/lib/armv7-m\libg.a(lib_a-closer.o)
                0x00085d84                _close_r
 .text._fclose_r
                0x00085da8       0x80 c:/users/harry/appdata/local/arduino15/packages/arduino/tools/arm-none-eabi-gcc/4.8.3-2014q1/bin/../lib/gcc/arm-none-eabi/4.8.3/../../../../arm-none-eabi/lib/armv7-m\libg.a(lib_a-fclose.o)
                0x00085da8                _fclose_r
 .text.fclose   0x00085e28       0x10 c:/users/harry/appdata/local/arduino15/packages/arduino/tools/arm-none-eabi-gcc/4.8.3-2014q1/bin/../lib/gcc/arm-none-eabi/4.8.3/../../../../arm-none-eabi/lib/armv7-m\libg.a(lib_a-fclose.o)
                0x00085e28                fclose
 .text._fstat_r
                0x00085e38       0x28 c:/users/harry/appdata/local/arduino15/packages/arduino/tools/arm-none-eabi-gcc/4.8.3-2014q1/bin/../lib/gcc/arm-none-eabi/4.8.3/../../../../arm-none-eabi/lib/armv7-m\libg.a(lib_a-fstatr.o)
                0x00085e38                _fstat_r
 .text._isatty_r
                0x00085e60       0x24 c:/users/harry/appdata/local/arduino15/packages/arduino/tools/arm-none-eabi-gcc/4.8.3-2014q1/bin/../lib/gcc/arm-none-eabi/4.8.3/../../../../arm-none-eabi/lib/armv7-m\libg.a(lib_a-isattyr.o)
                0x00085e60                _isatty_r
 .text._lseek_r
                0x00085e84       0x28 c:/users/harry/appdata/local/arduino15/packages/arduino/tools/arm-none-eabi-gcc/4.8.3-2014q1/bin/../lib/gcc/arm-none-eabi/4.8.3/../../../../arm-none-eabi/lib/armv7-m\libg.a(lib_a-lseekr.o)
                0x00085e84                _lseek_r
 .text._read_r  0x00085eac       0x28 c:/users/harry/appdata/local/arduino15/packages/arduino/tools/arm-none-eabi-gcc/4.8.3-2014q1/bin/../lib/gcc/arm-none-eabi/4.8.3/../../../../arm-none-eabi/lib/armv7-m\libg.a(lib_a-readr.o)
                0x00085eac                _read_r
 .text          0x00085ed4       0x2c c:/users/harry/appdata/local/arduino15/packages/arduino/tools/arm-none-eabi-gcc/4.8.3-2014q1/bin/../lib/gcc/arm-none-eabi/4.8.3/armv7-m\libgcc.a(_aeabi_uldivmod.o)
                0x00085ed4                __aeabi_uldivmod
 .text          0x00085f00       0x60 c:/users/harry/appdata/local/arduino15/packages/arduino/tools/arm-none-eabi-gcc/4.8.3-2014q1/bin/../lib/gcc/arm-none-eabi/4.8.3/armv7-m\libgcc.a(bpabi.o)
                0x00085f00                __gnu_ldivmod_helper
                0x00085f30                __gnu_uldivmod_helper
 .text          0x00085f60        0x4 c:/users/harry/appdata/local/arduino15/packages/arduino/tools/arm-none-eabi-gcc/4.8.3-2014q1/bin/../lib/gcc/arm-none-eabi/4.8.3/armv7-m\libgcc.a(_dvmd_tls.o)
                0x00085f60                __aeabi_idiv0
                0x00085f60                __aeabi_ldiv0
 .text          0x00085f64      0x2a0 c:/users/harry/appdata/local/arduino15/packages/arduino/tools/arm-none-eabi-gcc/4.8.3-2014q1/bin/../lib/gcc/arm-none-eabi/4.8.3/armv7-m\libgcc.a(_divdi3.o)
                0x00085f64                __divdi3
 .text          0x00086204      0x290 c:/users/harry/appdata/local/arduino15/packages/arduino/tools/arm-none-eabi-gcc/4.8.3-2014q1/bin/../lib/gcc/arm-none-eabi/4.8.3/armv7-m\libgcc.a(_udivdi3.o)
                0x00086204                __udivdi3
 *(.glue_7t)
 .glue_7t       0x00000000        0x0 linker stubs
 *(.glue_7)
 .glue_7        0x00000000        0x0 linker stubs
 *(.rodata .rodata* .gnu.linkonce.r.*)
 .rodata.str1.1
                0x00086494       0x19 C:\Users\Harry\AppData\Local\Temp\VMicroBuilds\RGB_CUBE_Dev\arduino_due_x_dbg/core/syscalls_sam3.c.o
 .rodata        0x000864ad        0x8 C:\Users\Harry\AppData\Local\Temp\VMicroBuilds\RGB_CUBE_Dev\arduino_due_x_dbg\DueTimer\DueTimer.cpp.o
 *fill*         0x000864b5        0x3 
 .rodata._ZN8DueTimer6TimersE
                0x000864b8       0x6c C:\Users\Harry\AppData\Local\Temp\VMicroBuilds\RGB_CUBE_Dev\arduino_due_x_dbg\DueTimer\DueTimer.cpp.o
                0x000864b8                DueTimer::Timers
 .rodata.__func__.6792
                0x00086524        0xd C:\Users\Harry\AppData\Local\arduino15\packages\arduino\hardware\sam\1.6.6\variants\arduino_due_x/libsam_sam3x8e_gcc_rel.a(tc.o)
 .rodata.str1.1
                0x00086531       0x54 C:\Users\Harry\AppData\Local\arduino15\packages\arduino\hardware\sam\1.6.6\variants\arduino_due_x/libsam_sam3x8e_gcc_rel.a(tc.o)
 .rodata.__func__.6798
                0x00086585        0x9 C:\Users\Harry\AppData\Local\arduino15\packages\arduino\hardware\sam\1.6.6\variants\arduino_due_x/libsam_sam3x8e_gcc_rel.a(tc.o)
 .rodata.STRING_PRODUCT
                0x0008658e        0xc C:\Users\Harry\AppData\Local\Temp\VMicroBuilds\RGB_CUBE_Dev\arduino_due_x_dbg/core.a(USBCore.cpp.o)
                0x0008658e                STRING_PRODUCT
 .rodata.USB_DeviceDescriptor
                0x0008659a       0x12 C:\Users\Harry\AppData\Local\Temp\VMicroBuilds\RGB_CUBE_Dev\arduino_due_x_dbg/core.a(USBCore.cpp.o)
                0x0008659a                USB_DeviceDescriptor
 .rodata.STRING_LANGUAGE
                0x000865ac        0x4 C:\Users\Harry\AppData\Local\Temp\VMicroBuilds\RGB_CUBE_Dev\arduino_due_x_dbg/core.a(USBCore.cpp.o)
                0x000865ac                STRING_LANGUAGE
 .rodata._ZL18test_packet_buffer
                0x000865b0       0x35 C:\Users\Harry\AppData\Local\Temp\VMicroBuilds\RGB_CUBE_Dev\arduino_due_x_dbg/core.a(USBCore.cpp.o)
 .rodata.STRING_MANUFACTURER
                0x000865e5        0xc C:\Users\Harry\AppData\Local\Temp\VMicroBuilds\RGB_CUBE_Dev\arduino_due_x_dbg/core.a(USBCore.cpp.o)
                0x000865e5                STRING_MANUFACTURER
 .rodata.USB_DeviceDescriptorA
                0x000865f1       0x12 C:\Users\Harry\AppData\Local\Temp\VMicroBuilds\RGB_CUBE_Dev\arduino_due_x_dbg/core.a(USBCore.cpp.o)
                0x000865f1                USB_DeviceDescriptorA
 .rodata._ZL19USB_DeviceQualifier
                0x00086603        0x9 C:\Users\Harry\AppData\Local\Temp\VMicroBuilds\RGB_CUBE_Dev\arduino_due_x_dbg/core.a(USBCore.cpp.o)
 .rodata.g_APinDescription
                0x0008660c      0xa2c C:\Users\Harry\AppData\Local\Temp\VMicroBuilds\RGB_CUBE_Dev\arduino_due_x_dbg/core.a(variant.cpp.o)
                0x0008660c                g_APinDescription
 .rodata._ZTV9UARTClass
                0x00087038       0x30 C:\Users\Harry\AppData\Local\Temp\VMicroBuilds\RGB_CUBE_Dev\arduino_due_x_dbg/core.a(UARTClass.cpp.o)
                0x00087038                vtable for UARTClass
 .rodata._ZTV10USARTClass
                0x00087068       0x30 C:\Users\Harry\AppData\Local\Temp\VMicroBuilds\RGB_CUBE_Dev\arduino_due_x_dbg/core.a(USARTClass.cpp.o)
                0x00087068                vtable for USARTClass
 .rodata._ZTV7Serial_
                0x00087098       0x28 C:\Users\Harry\AppData\Local\Temp\VMicroBuilds\RGB_CUBE_Dev\arduino_due_x_dbg/core.a(CDC.cpp.o)
                0x00087098                vtable for Serial_
 .rodata._ZL18_cdcOtherInterface
                0x000870c0       0x42 C:\Users\Harry\AppData\Local\Temp\VMicroBuilds\RGB_CUBE_Dev\arduino_due_x_dbg/core.a(CDC.cpp.o)
 .rodata._ZL13_cdcInterface
                0x00087102       0x42 C:\Users\Harry\AppData\Local\Temp\VMicroBuilds\RGB_CUBE_Dev\arduino_due_x_dbg/core.a(CDC.cpp.o)
 .rodata        0x00087144       0x40 C:\Users\Harry\AppData\Local\arduino15\packages\arduino\hardware\sam\1.6.6\variants\arduino_due_x/libsam_sam3x8e_gcc_rel.a(adc.o)
 .rodata.str1.4
                0x00087184       0x3f c:/users/harry/appdata/local/arduino15/packages/arduino/tools/arm-none-eabi-gcc/4.8.3-2014q1/bin/../lib/gcc/arm-none-eabi/4.8.3/../../../../arm-none-eabi/lib/armv7-m\libg.a(lib_a-assert.o)
                                 0x44 (size before relaxing)
 *fill*         0x000871c3        0x1 
 .rodata.str1.4
                0x000871c4        0x2 c:/users/harry/appdata/local/arduino15/packages/arduino/tools/arm-none-eabi-gcc/4.8.3-2014q1/bin/../lib/gcc/arm-none-eabi/4.8.3/../../../../arm-none-eabi/lib/armv7-m\libg.a(lib_a-impure.o)
                                  0x4 (size before relaxing)
 *fill*         0x000871c6        0x2 
 .rodata._global_impure_ptr
                0x000871c8        0x4 c:/users/harry/appdata/local/arduino15/packages/arduino/tools/arm-none-eabi-gcc/4.8.3-2014q1/bin/../lib/gcc/arm-none-eabi/4.8.3/../../../../arm-none-eabi/lib/armv7-m\libg.a(lib_a-impure.o)
                0x000871c8                _global_impure_ptr
 .rodata.blanks.6717
                0x000871cc       0x10 c:/users/harry/appdata/local/arduino15/packages/arduino/tools/arm-none-eabi-gcc/4.8.3-2014q1/bin/../lib/gcc/arm-none-eabi/4.8.3/../../../../arm-none-eabi/lib/armv7-m\libg.a(lib_a-vfiprintf.o)
 .rodata.str1.4
                0x000871dc       0x30 c:/users/harry/appdata/local/arduino15/packages/arduino/tools/arm-none-eabi-gcc/4.8.3-2014q1/bin/../lib/gcc/arm-none-eabi/4.8.3/../../../../arm-none-eabi/lib/armv7-m\libg.a(lib_a-vfiprintf.o)
 .rodata.zeroes.6718
                0x0008720c       0x10 c:/users/harry/appdata/local/arduino15/packages/arduino/tools/arm-none-eabi-gcc/4.8.3-2014q1/bin/../lib/gcc/arm-none-eabi/4.8.3/../../../../arm-none-eabi/lib/armv7-m\libg.a(lib_a-vfiprintf.o)
 *(.ARM.extab* .gnu.linkonce.armextab.*)
                0x0008721c                . = ALIGN (0x4)
 *(.init)
 .init          0x0008721c        0x4 c:/users/harry/appdata/local/arduino15/packages/arduino/tools/arm-none-eabi-gcc/4.8.3-2014q1/bin/../lib/gcc/arm-none-eabi/4.8.3/armv7-m/crti.o
                0x0008721c                _init
 .init          0x00087220        0x8 c:/users/harry/appdata/local/arduino15/packages/arduino/tools/arm-none-eabi-gcc/4.8.3-2014q1/bin/../lib/gcc/arm-none-eabi/4.8.3/armv7-m/crtn.o
                0x00087228                . = ALIGN (0x4)
                0x00087228                __preinit_array_start = .
 *(.preinit_array)
                0x00087228                __preinit_array_end = .
                0x00087228                . = ALIGN (0x4)
                0x00087228                __init_array_start = .
 *(SORT(.init_array.*))
 .init_array.00000
                0x00087228        0x4 c:/users/harry/appdata/local/arduino15/packages/arduino/tools/arm-none-eabi-gcc/4.8.3-2014q1/bin/../lib/gcc/arm-none-eabi/4.8.3/../../../../arm-none-eabi/lib/armv7-m\libg.a(lib_a-__call_atexit.o)
 *(.init_array)
 .init_array    0x0008722c        0x4 c:/users/harry/appdata/local/arduino15/packages/arduino/tools/arm-none-eabi-gcc/4.8.3-2014q1/bin/../lib/gcc/arm-none-eabi/4.8.3/armv7-m/crtbegin.o
 .init_array    0x00087230        0x4 C:\Users\Harry\AppData\Local\Temp\VMicroBuilds\RGB_CUBE_Dev\arduino_due_x_dbg\DueTimer\DueTimer.cpp.o
 .init_array    0x00087234        0x4 C:\Users\Harry\AppData\Local\Temp\VMicroBuilds\RGB_CUBE_Dev\arduino_due_x_dbg\SPI\SPI.cpp.o
 .init_array    0x00087238        0x4 C:\Users\Harry\AppData\Local\Temp\VMicroBuilds\RGB_CUBE_Dev\arduino_due_x_dbg/core.a(USBCore.cpp.o)
 .init_array    0x0008723c        0x4 C:\Users\Harry\AppData\Local\Temp\VMicroBuilds\RGB_CUBE_Dev\arduino_due_x_dbg/core.a(variant.cpp.o)
 .init_array    0x00087240        0x4 C:\Users\Harry\AppData\Local\Temp\VMicroBuilds\RGB_CUBE_Dev\arduino_due_x_dbg/core.a(CDC.cpp.o)
                0x00087244                __init_array_end = .
                0x00087244                . = ALIGN (0x4)
 *crtbegin.o(.ctors)
 *(EXCLUDE_FILE(*crtend.o) .ctors)
 *(SORT(.ctors.*))
 *crtend.o(.ctors)
                0x00087244                . = ALIGN (0x4)
 *(.fini)
 .fini          0x00087244        0x4 c:/users/harry/appdata/local/arduino15/packages/arduino/tools/arm-none-eabi-gcc/4.8.3-2014q1/bin/../lib/gcc/arm-none-eabi/4.8.3/armv7-m/crti.o
                0x00087244                _fini
 .fini          0x00087248        0x8 c:/users/harry/appdata/local/arduino15/packages/arduino/tools/arm-none-eabi-gcc/4.8.3-2014q1/bin/../lib/gcc/arm-none-eabi/4.8.3/armv7-m/crtn.o
                0x00087250                . = ALIGN (0x4)
                0x00087250                __fini_array_start = .
 *(.fini_array)
 .fini_array    0x00087250        0x4 c:/users/harry/appdata/local/arduino15/packages/arduino/tools/arm-none-eabi-gcc/4.8.3-2014q1/bin/../lib/gcc/arm-none-eabi/4.8.3/armv7-m/crtbegin.o
 *(SORT(.fini_array.*))
                0x00087254                __fini_array_end = .
 *crtbegin.o(.dtors)
 *(EXCLUDE_FILE(*crtend.o) .dtors)
 *(SORT(.dtors.*))
 *crtend.o(.dtors)
                0x00087254                . = ALIGN (0x4)
                0x00087254                _efixed = .
                0x00087254                PROVIDE (__exidx_start, .)

.vfp11_veneer   0x00087254        0x0
 .vfp11_veneer  0x00000000        0x0 linker stubs

.v4_bx          0x00087254        0x0
 .v4_bx         0x00000000        0x0 linker stubs

.iplt           0x00087254        0x0
 .iplt          0x00000000        0x0 c:/users/harry/appdata/local/arduino15/packages/arduino/tools/arm-none-eabi-gcc/4.8.3-2014q1/bin/../lib/gcc/arm-none-eabi/4.8.3/armv7-m/crtbegin.o

.ARM.exidx      0x00087254        0x8
 *(.ARM.exidx* .gnu.linkonce.armexidx.*)
 .ARM.exidx     0x00087254        0x8 c:/users/harry/appdata/local/arduino15/packages/arduino/tools/arm-none-eabi-gcc/4.8.3-2014q1/bin/../lib/gcc/arm-none-eabi/4.8.3/armv7-m\libgcc.a(_divdi3.o)
 .ARM.exidx     0x0008725c        0x0 c:/users/harry/appdata/local/arduino15/packages/arduino/tools/arm-none-eabi-gcc/4.8.3-2014q1/bin/../lib/gcc/arm-none-eabi/4.8.3/armv7-m\libgcc.a(_udivdi3.o)
                                  0x8 (size before relaxing)
                0x0008725c                PROVIDE (__exidx_end, .)

.eh_frame       0x0008725c        0x0
 .eh_frame      0x0008725c        0x0 c:/users/harry/appdata/local/arduino15/packages/arduino/tools/arm-none-eabi-gcc/4.8.3-2014q1/bin/../lib/gcc/arm-none-eabi/4.8.3/armv7-m/crtbegin.o

.rel.dyn        0x0008725c        0x0
 .rel.iplt      0x00000000        0x0 c:/users/harry/appdata/local/arduino15/packages/arduino/tools/arm-none-eabi-gcc/4.8.3-2014q1/bin/../lib/gcc/arm-none-eabi/4.8.3/armv7-m/crtbegin.o

.jcr            0x0008725c        0x0
 .jcr           0x0008725c        0x0 c:/users/harry/appdata/local/arduino15/packages/arduino/tools/arm-none-eabi-gcc/4.8.3-2014q1/bin/../lib/gcc/arm-none-eabi/4.8.3/armv7-m/crtbegin.o

.igot.plt       0x0008725c        0x0
 .igot.plt      0x00000000        0x0 c:/users/harry/appdata/local/arduino15/packages/arduino/tools/arm-none-eabi-gcc/4.8.3-2014q1/bin/../lib/gcc/arm-none-eabi/4.8.3/armv7-m/crtbegin.o
                0x0008725c                . = ALIGN (0x4)
                0x0008725c                _etext = .

.relocate       0x20070000      0x91c load address 0x0008725c
                0x20070000                . = ALIGN (0x4)
                0x20070000                _srelocate = .
 *(.ramfunc .ramfunc.*)
 .ramfunc       0x20070000       0x2c C:\Users\Harry\AppData\Local\Temp\VMicroBuilds\RGB_CUBE_Dev\arduino_due_x_dbg/core.a(Reset.cpp.o)
                0x20070000                banzai
 *(.data .data.*)
 *fill*         0x2007002c        0x4 
 .data._ZN8DueTimer10_frequencyE
                0x20070030       0x48 C:\Users\Harry\AppData\Local\Temp\VMicroBuilds\RGB_CUBE_Dev\arduino_due_x_dbg\DueTimer\DueTimer.cpp.o
                0x20070030                DueTimer::_frequency
 .data._ZL5ticks
                0x20070078        0x4 C:\Users\Harry\AppData\Local\Temp\VMicroBuilds\RGB_CUBE_Dev\arduino_due_x_dbg/core.a(Reset.cpp.o)
 .data.EndPoints
                0x2007007c       0x28 C:\Users\Harry\AppData\Local\Temp\VMicroBuilds\RGB_CUBE_Dev\arduino_due_x_dbg/core.a(USBCore.cpp.o)
                0x2007007c                EndPoints
 .data._ZL12_usbLineInfo
                0x200700a4        0x8 C:\Users\Harry\AppData\Local\Temp\VMicroBuilds\RGB_CUBE_Dev\arduino_due_x_dbg/core.a(CDC.cpp.o)
 .data.SystemCoreClock
                0x200700ac        0x4 C:\Users\Harry\AppData\Local\arduino15\packages\arduino\hardware\sam\1.6.6\variants\arduino_due_x/libsam_sam3x8e_gcc_rel.a(system_sam3xa.o)
                0x200700ac                SystemCoreClock
 .data.g_interrupt_enabled
                0x200700b0        0x4 C:\Users\Harry\AppData\Local\arduino15\packages\arduino\hardware\sam\1.6.6\variants\arduino_due_x/libsam_sam3x8e_gcc_rel.a(interrupt_sam_nvic.o)
                0x200700b0                g_interrupt_enabled
 *fill*         0x200700b4        0x4 
 .data.impure_data
                0x200700b8      0x428 c:/users/harry/appdata/local/arduino15/packages/arduino/tools/arm-none-eabi-gcc/4.8.3-2014q1/bin/../lib/gcc/arm-none-eabi/4.8.3/../../../../arm-none-eabi/lib/armv7-m\libg.a(lib_a-impure.o)
 .data._impure_ptr
                0x200704e0        0x4 c:/users/harry/appdata/local/arduino15/packages/arduino/tools/arm-none-eabi-gcc/4.8.3-2014q1/bin/../lib/gcc/arm-none-eabi/4.8.3/../../../../arm-none-eabi/lib/armv7-m\libg.a(lib_a-impure.o)
                0x200704e0                _impure_ptr
 .data.lc_ctype_charset
                0x200704e4       0x20 c:/users/harry/appdata/local/arduino15/packages/arduino/tools/arm-none-eabi-gcc/4.8.3-2014q1/bin/../lib/gcc/arm-none-eabi/4.8.3/../../../../arm-none-eabi/lib/armv7-m\libg.a(lib_a-locale.o)
 .data.__mb_cur_max
                0x20070504        0x4 c:/users/harry/appdata/local/arduino15/packages/arduino/tools/arm-none-eabi-gcc/4.8.3-2014q1/bin/../lib/gcc/arm-none-eabi/4.8.3/../../../../arm-none-eabi/lib/armv7-m\libg.a(lib_a-locale.o)
                0x20070504                __mb_cur_max
 .data.__malloc_av_
                0x20070508      0x408 c:/users/harry/appdata/local/arduino15/packages/arduino/tools/arm-none-eabi-gcc/4.8.3-2014q1/bin/../lib/gcc/arm-none-eabi/4.8.3/../../../../arm-none-eabi/lib/armv7-m\libg.a(lib_a-mallocr.o)
                0x20070508                __malloc_av_
 .data.__malloc_trim_threshold
                0x20070910        0x4 c:/users/harry/appdata/local/arduino15/packages/arduino/tools/arm-none-eabi-gcc/4.8.3-2014q1/bin/../lib/gcc/arm-none-eabi/4.8.3/../../../../arm-none-eabi/lib/armv7-m\libg.a(lib_a-mallocr.o)
                0x20070910                __malloc_trim_threshold
 .data.__malloc_sbrk_base
                0x20070914        0x4 c:/users/harry/appdata/local/arduino15/packages/arduino/tools/arm-none-eabi-gcc/4.8.3-2014q1/bin/../lib/gcc/arm-none-eabi/4.8.3/../../../../arm-none-eabi/lib/armv7-m\libg.a(lib_a-mallocr.o)
                0x20070914                __malloc_sbrk_base
 .data.__wctomb
                0x20070918        0x4 c:/users/harry/appdata/local/arduino15/packages/arduino/tools/arm-none-eabi-gcc/4.8.3-2014q1/bin/../lib/gcc/arm-none-eabi/4.8.3/../../../../arm-none-eabi/lib/armv7-m\libg.a(lib_a-wctomb_r.o)
                0x20070918                __wctomb
                0x2007091c                . = ALIGN (0x4)
                0x2007091c                _erelocate = .

.bss            0x2007091c      0xbb8 load address 0x00087b78
                0x2007091c                . = ALIGN (0x4)
                0x2007091c                _sbss = .
                0x2007091c                _szero = .
 *(.bss .bss.*)
 .bss           0x2007091c       0x1c c:/users/harry/appdata/local/arduino15/packages/arduino/tools/arm-none-eabi-gcc/4.8.3-2014q1/bin/../lib/gcc/arm-none-eabi/4.8.3/armv7-m/crtbegin.o
 .bss.heap.6420
                0x20070938        0x4 C:\Users\Harry\AppData\Local\Temp\VMicroBuilds\RGB_CUBE_Dev\arduino_due_x_dbg/core/syscalls_sam3.c.o
 .bss.anode     0x2007093c        0x8 C:\Users\Harry\AppData\Local\Temp\VMicroBuilds\RGB_CUBE_Dev\arduino_due_x_dbg\RGB_CUBE_Dev.cpp.o
                0x2007093c                anode
 .bss.red0      0x20070944       0x40 C:\Users\Harry\AppData\Local\Temp\VMicroBuilds\RGB_CUBE_Dev\arduino_due_x_dbg\RGB_CUBE_Dev.cpp.o
                0x20070944                red0
 .bss.red1      0x20070984       0x40 C:\Users\Harry\AppData\Local\Temp\VMicroBuilds\RGB_CUBE_Dev\arduino_due_x_dbg\RGB_CUBE_Dev.cpp.o
                0x20070984                red1
 .bss.green0    0x200709c4       0x40 C:\Users\Harry\AppData\Local\Temp\VMicroBuilds\RGB_CUBE_Dev\arduino_due_x_dbg\RGB_CUBE_Dev.cpp.o
                0x200709c4                green0
 .bss.green1    0x20070a04       0x40 C:\Users\Harry\AppData\Local\Temp\VMicroBuilds\RGB_CUBE_Dev\arduino_due_x_dbg\RGB_CUBE_Dev.cpp.o
                0x20070a04                green1
 .bss.green2    0x20070a44       0x40 C:\Users\Harry\AppData\Local\Temp\VMicroBuilds\RGB_CUBE_Dev\arduino_due_x_dbg\RGB_CUBE_Dev.cpp.o
                0x20070a44                green2
 .bss.red2      0x20070a84       0x40 C:\Users\Harry\AppData\Local\Temp\VMicroBuilds\RGB_CUBE_Dev\arduino_due_x_dbg\RGB_CUBE_Dev.cpp.o
                0x20070a84                red2
 .bss.red3      0x20070ac4       0x40 C:\Users\Harry\AppData\Local\Temp\VMicroBuilds\RGB_CUBE_Dev\arduino_due_x_dbg\RGB_CUBE_Dev.cpp.o
                0x20070ac4                red3
 .bss.blue0     0x20070b04       0x40 C:\Users\Harry\AppData\Local\Temp\VMicroBuilds\RGB_CUBE_Dev\arduino_due_x_dbg\RGB_CUBE_Dev.cpp.o
                0x20070b04                blue0
 .bss.blue1     0x20070b44       0x40 C:\Users\Harry\AppData\Local\Temp\VMicroBuilds\RGB_CUBE_Dev\arduino_due_x_dbg\RGB_CUBE_Dev.cpp.o
                0x20070b44                blue1
 .bss.blue2     0x20070b84       0x40 C:\Users\Harry\AppData\Local\Temp\VMicroBuilds\RGB_CUBE_Dev\arduino_due_x_dbg\RGB_CUBE_Dev.cpp.o
                0x20070b84                blue2
 .bss.blue3     0x20070bc4       0x40 C:\Users\Harry\AppData\Local\Temp\VMicroBuilds\RGB_CUBE_Dev\arduino_due_x_dbg\RGB_CUBE_Dev.cpp.o
                0x20070bc4                blue3
 .bss.green3    0x20070c04       0x40 C:\Users\Harry\AppData\Local\Temp\VMicroBuilds\RGB_CUBE_Dev\arduino_due_x_dbg\RGB_CUBE_Dev.cpp.o
                0x20070c04                green3
 .bss.anodelevel
                0x20070c44        0x4 C:\Users\Harry\AppData\Local\Temp\VMicroBuilds\RGB_CUBE_Dev\arduino_due_x_dbg\RGB_CUBE_Dev.cpp.o
                0x20070c44                anodelevel
 .bss.BAM_Bit   0x20070c48        0x4 C:\Users\Harry\AppData\Local\Temp\VMicroBuilds\RGB_CUBE_Dev\arduino_due_x_dbg\RGB_CUBE_Dev.cpp.o
                0x20070c48                BAM_Bit
 .bss.BAM_Counter
                0x20070c4c        0x4 C:\Users\Harry\AppData\Local\Temp\VMicroBuilds\RGB_CUBE_Dev\arduino_due_x_dbg\RGB_CUBE_Dev.cpp.o
                0x20070c4c                BAM_Counter
 .bss.Timer0    0x20070c50        0x2 C:\Users\Harry\AppData\Local\Temp\VMicroBuilds\RGB_CUBE_Dev\arduino_due_x_dbg\DueTimer\DueTimer.cpp.o
                0x20070c50                Timer0
 .bss.Timer1    0x20070c52        0x2 C:\Users\Harry\AppData\Local\Temp\VMicroBuilds\RGB_CUBE_Dev\arduino_due_x_dbg\DueTimer\DueTimer.cpp.o
                0x20070c52                Timer1
 .bss.Timer2    0x20070c54        0x2 C:\Users\Harry\AppData\Local\Temp\VMicroBuilds\RGB_CUBE_Dev\arduino_due_x_dbg\DueTimer\DueTimer.cpp.o
                0x20070c54                Timer2
 .bss.Timer3    0x20070c56        0x2 C:\Users\Harry\AppData\Local\Temp\VMicroBuilds\RGB_CUBE_Dev\arduino_due_x_dbg\DueTimer\DueTimer.cpp.o
                0x20070c56                Timer3
 .bss.Timer4    0x20070c58        0x2 C:\Users\Harry\AppData\Local\Temp\VMicroBuilds\RGB_CUBE_Dev\arduino_due_x_dbg\DueTimer\DueTimer.cpp.o
                0x20070c58                Timer4
 .bss.Timer6    0x20070c5a        0x2 C:\Users\Harry\AppData\Local\Temp\VMicroBuilds\RGB_CUBE_Dev\arduino_due_x_dbg\DueTimer\DueTimer.cpp.o
                0x20070c5a                Timer6
 .bss.Timer7    0x20070c5c        0x2 C:\Users\Harry\AppData\Local\Temp\VMicroBuilds\RGB_CUBE_Dev\arduino_due_x_dbg\DueTimer\DueTimer.cpp.o
                0x20070c5c                Timer7
 .bss.Timer8    0x20070c5e        0x2 C:\Users\Harry\AppData\Local\Temp\VMicroBuilds\RGB_CUBE_Dev\arduino_due_x_dbg\DueTimer\DueTimer.cpp.o
                0x20070c5e                Timer8
 .bss._ZN8DueTimer9callbacksE
                0x20070c60       0x24 C:\Users\Harry\AppData\Local\Temp\VMicroBuilds\RGB_CUBE_Dev\arduino_due_x_dbg\DueTimer\DueTimer.cpp.o
                0x20070c60                DueTimer::callbacks
 .bss.Timer5    0x20070c84        0x2 C:\Users\Harry\AppData\Local\Temp\VMicroBuilds\RGB_CUBE_Dev\arduino_due_x_dbg\DueTimer\DueTimer.cpp.o
                0x20070c84                Timer5
 .bss.Timer     0x20070c86        0x2 C:\Users\Harry\AppData\Local\Temp\VMicroBuilds\RGB_CUBE_Dev\arduino_due_x_dbg\DueTimer\DueTimer.cpp.o
                0x20070c86                Timer
 .bss.SPI       0x20070c88       0x44 C:\Users\Harry\AppData\Local\Temp\VMicroBuilds\RGB_CUBE_Dev\arduino_due_x_dbg\SPI\SPI.cpp.o
                0x20070c88                SPI
 .bss.gpf_isr   0x20070ccc        0x4 C:\Users\Harry\AppData\Local\arduino15\packages\arduino\hardware\sam\1.6.6\variants\arduino_due_x/libsam_sam3x8e_gcc_rel.a(uotghs.o)
                0x20070ccc                gpf_isr
 .bss._cmark    0x20070cd0        0x2 C:\Users\Harry\AppData\Local\Temp\VMicroBuilds\RGB_CUBE_Dev\arduino_due_x_dbg/core.a(USBCore.cpp.o)
                0x20070cd0                _cmark
 .bss._ZL14isEndpointHalt
                0x20070cd2        0x1 C:\Users\Harry\AppData\Local\Temp\VMicroBuilds\RGB_CUBE_Dev\arduino_due_x_dbg/core.a(USBCore.cpp.o)
 *fill*         0x20070cd3        0x1 
 .bss._cdcComposite
                0x20070cd4        0x4 C:\Users\Harry\AppData\Local\Temp\VMicroBuilds\RGB_CUBE_Dev\arduino_due_x_dbg/core.a(USBCore.cpp.o)
                0x20070cd4                _cdcComposite
 .bss._ZL21isRemoteWakeUpEnabled
                0x20070cd8        0x1 C:\Users\Harry\AppData\Local\Temp\VMicroBuilds\RGB_CUBE_Dev\arduino_due_x_dbg/core.a(USBCore.cpp.o)
 *fill*         0x20070cd9        0x3 
 .bss._usbInitialized
                0x20070cdc        0x4 C:\Users\Harry\AppData\Local\Temp\VMicroBuilds\RGB_CUBE_Dev\arduino_due_x_dbg/core.a(USBCore.cpp.o)
                0x20070cdc                _usbInitialized
 .bss.USBDevice
                0x20070ce0        0x1 C:\Users\Harry\AppData\Local\Temp\VMicroBuilds\RGB_CUBE_Dev\arduino_due_x_dbg/core.a(USBCore.cpp.o)
                0x20070ce0                USBDevice
 *fill*         0x20070ce1        0x3 
 .bss._usbSetInterface
                0x20070ce4        0x4 C:\Users\Harry\AppData\Local\Temp\VMicroBuilds\RGB_CUBE_Dev\arduino_due_x_dbg/core.a(USBCore.cpp.o)
                0x20070ce4                _usbSetInterface
 .bss._cend     0x20070ce8        0x2 C:\Users\Harry\AppData\Local\Temp\VMicroBuilds\RGB_CUBE_Dev\arduino_due_x_dbg/core.a(USBCore.cpp.o)
                0x20070ce8                _cend
 *fill*         0x20070cea        0x2 
 .bss._usbConfiguration
                0x20070cec        0x4 C:\Users\Harry\AppData\Local\Temp\VMicroBuilds\RGB_CUBE_Dev\arduino_due_x_dbg/core.a(USBCore.cpp.o)
                0x20070cec                _usbConfiguration
 .bss.tx_buffer2
                0x20070cf0       0x88 C:\Users\Harry\AppData\Local\Temp\VMicroBuilds\RGB_CUBE_Dev\arduino_due_x_dbg/core.a(variant.cpp.o)
                0x20070cf0                tx_buffer2
 .bss.tx_buffer1
                0x20070d78       0x88 C:\Users\Harry\AppData\Local\Temp\VMicroBuilds\RGB_CUBE_Dev\arduino_due_x_dbg/core.a(variant.cpp.o)
                0x20070d78                tx_buffer1
 .bss.Serial    0x20070e00       0x24 C:\Users\Harry\AppData\Local\Temp\VMicroBuilds\RGB_CUBE_Dev\arduino_due_x_dbg/core.a(variant.cpp.o)
                0x20070e00                Serial
 .bss.rx_buffer1
                0x20070e24       0x88 C:\Users\Harry\AppData\Local\Temp\VMicroBuilds\RGB_CUBE_Dev\arduino_due_x_dbg/core.a(variant.cpp.o)
                0x20070e24                rx_buffer1
 .bss.Serial1   0x20070eac       0x28 C:\Users\Harry\AppData\Local\Temp\VMicroBuilds\RGB_CUBE_Dev\arduino_due_x_dbg/core.a(variant.cpp.o)
                0x20070eac                Serial1
 .bss.Serial2   0x20070ed4       0x28 C:\Users\Harry\AppData\Local\Temp\VMicroBuilds\RGB_CUBE_Dev\arduino_due_x_dbg/core.a(variant.cpp.o)
                0x20070ed4                Serial2
 .bss.Serial3   0x20070efc       0x28 C:\Users\Harry\AppData\Local\Temp\VMicroBuilds\RGB_CUBE_Dev\arduino_due_x_dbg/core.a(variant.cpp.o)
                0x20070efc                Serial3
 .bss.tx_buffer3
                0x20070f24       0x88 C:\Users\Harry\AppData\Local\Temp\VMicroBuilds\RGB_CUBE_Dev\arduino_due_x_dbg/core.a(variant.cpp.o)
                0x20070f24                tx_buffer3
 .bss.tx_buffer4
                0x20070fac       0x88 C:\Users\Harry\AppData\Local\Temp\VMicroBuilds\RGB_CUBE_Dev\arduino_due_x_dbg/core.a(variant.cpp.o)
                0x20070fac                tx_buffer4
 .bss.rx_buffer2
                0x20071034       0x88 C:\Users\Harry\AppData\Local\Temp\VMicroBuilds\RGB_CUBE_Dev\arduino_due_x_dbg/core.a(variant.cpp.o)
                0x20071034                rx_buffer2
 .bss.rx_buffer3
                0x200710bc       0x88 C:\Users\Harry\AppData\Local\Temp\VMicroBuilds\RGB_CUBE_Dev\arduino_due_x_dbg/core.a(variant.cpp.o)
                0x200710bc                rx_buffer3
 .bss.rx_buffer4
                0x20071144       0x88 C:\Users\Harry\AppData\Local\Temp\VMicroBuilds\RGB_CUBE_Dev\arduino_due_x_dbg/core.a(variant.cpp.o)
                0x20071144                rx_buffer4
 .bss.pinEnabled
                0x200711cc       0x4f C:\Users\Harry\AppData\Local\Temp\VMicroBuilds\RGB_CUBE_Dev\arduino_due_x_dbg/core.a(wiring_analog.c.o)
 *fill*         0x2007121b        0x1 
 .bss.cdc_rx_buffer
                0x2007121c      0x208 C:\Users\Harry\AppData\Local\Temp\VMicroBuilds\RGB_CUBE_Dev\arduino_due_x_dbg/core.a(CDC.cpp.o)
                0x2007121c                cdc_rx_buffer
 .bss._ZZN7Serial_6acceptEvE5guard
                0x20071424        0x4 C:\Users\Harry\AppData\Local\Temp\VMicroBuilds\RGB_CUBE_Dev\arduino_due_x_dbg/core.a(CDC.cpp.o)
 .bss.SerialUSB
                0x20071428       0x14 C:\Users\Harry\AppData\Local\Temp\VMicroBuilds\RGB_CUBE_Dev\arduino_due_x_dbg/core.a(CDC.cpp.o)
                0x20071428                SerialUSB
 .bss._ZZ12PluggableUSBvE3obj
                0x2007143c        0x8 C:\Users\Harry\AppData\Local\Temp\VMicroBuilds\RGB_CUBE_Dev\arduino_due_x_dbg/core.a(PluggableUSB.cpp.o)
 .bss._ZGVZ12PluggableUSBvE3obj
                0x20071444        0x4 C:\Users\Harry\AppData\Local\Temp\VMicroBuilds\RGB_CUBE_Dev\arduino_due_x_dbg/core.a(PluggableUSB.cpp.o)
 .bss._dwTickCount
                0x20071448        0x4 C:\Users\Harry\AppData\Local\arduino15\packages\arduino\hardware\sam\1.6.6\variants\arduino_due_x/libsam_sam3x8e_gcc_rel.a(timetick.o)
 .bss.ul_recv_fifo_ptr
                0x2007144c       0x28 C:\Users\Harry\AppData\Local\arduino15\packages\arduino\hardware\sam\1.6.6\variants\arduino_due_x/libsam_sam3x8e_gcc_rel.a(uotghs_device.o)
 .bss.ul_send_fifo_ptr
                0x20071474       0x28 C:\Users\Harry\AppData\Local\arduino15\packages\arduino\hardware\sam\1.6.6\variants\arduino_due_x/libsam_sam3x8e_gcc_rel.a(uotghs_device.o)
 .bss.__malloc_max_total_mem
                0x2007149c        0x4 c:/users/harry/appdata/local/arduino15/packages/arduino/tools/arm-none-eabi-gcc/4.8.3-2014q1/bin/../lib/gcc/arm-none-eabi/4.8.3/../../../../arm-none-eabi/lib/armv7-m\libg.a(lib_a-mallocr.o)